Component: ARM Compiler 5.06 update 6 (build 750) Tool: armlink [4d35ed]

==============================================================================

Section Cross References

    startup_stm32g431xx.o(STACK) refers (Special) to heapauxi.o(.text) for __use_two_region_memory
    startup_stm32g431xx.o(HEAP) refers (Special) to heapauxi.o(.text) for __use_two_region_memory
    startup_stm32g431xx.o(RESET) refers (Special) to heapauxi.o(.text) for __use_two_region_memory
    startup_stm32g431xx.o(RESET) refers to startup_stm32g431xx.o(STACK) for __initial_sp
    startup_stm32g431xx.o(RESET) refers to startup_stm32g431xx.o(.text) for Reset_Handler
    startup_stm32g431xx.o(RESET) refers to stm32g4xx_it.o(i.NMI_Handler) for NMI_Handler
    startup_stm32g431xx.o(RESET) refers to stm32g4xx_it.o(i.HardFault_Handler) for HardFault_Handler
    startup_stm32g431xx.o(RESET) refers to stm32g4xx_it.o(i.MemManage_Handler) for MemManage_Handler
    startup_stm32g431xx.o(RESET) refers to stm32g4xx_it.o(i.BusFault_Handler) for BusFault_Handler
    startup_stm32g431xx.o(RESET) refers to stm32g4xx_it.o(i.UsageFault_Handler) for UsageFault_Handler
    startup_stm32g431xx.o(RESET) refers to stm32g4xx_it.o(i.SVC_Handler) for SVC_Handler
    startup_stm32g431xx.o(RESET) refers to stm32g4xx_it.o(i.DebugMon_Handler) for DebugMon_Handler
    startup_stm32g431xx.o(RESET) refers to stm32g4xx_it.o(i.PendSV_Handler) for PendSV_Handler
    startup_stm32g431xx.o(RESET) refers to stm32g4xx_it.o(i.SysTick_Handler) for SysTick_Handler
    startup_stm32g431xx.o(RESET) refers to stm32g4xx_it.o(i.USART1_IRQHandler) for USART1_IRQHandler
    startup_stm32g431xx.o(.text) refers (Special) to heapauxi.o(.text) for __use_two_region_memory
    startup_stm32g431xx.o(.text) refers to system_stm32g4xx.o(i.SystemInit) for SystemInit
    startup_stm32g431xx.o(.text) refers to __main.o(!!!main) for __main
    startup_stm32g431xx.o(.text) refers to startup_stm32g431xx.o(HEAP) for Heap_Mem
    startup_stm32g431xx.o(.text) refers to startup_stm32g431xx.o(STACK) for Stack_Mem
    main.o(i.HAL_UART_RxCpltCallback) refers to noretval__2sprintf.o(.text) for __2sprintf
    main.o(i.HAL_UART_RxCpltCallback) refers to strlen.o(.text) for strlen
    main.o(i.HAL_UART_RxCpltCallback) refers to stm32g4xx_hal_uart.o(i.HAL_UART_Transmit) for HAL_UART_Transmit
    main.o(i.HAL_UART_RxCpltCallback) refers to stm32g4xx_hal_uart.o(i.HAL_UART_Receive_IT) for HAL_UART_Receive_IT
    main.o(i.HAL_UART_RxCpltCallback) refers to stm32g4xx_hal.o(.data) for uwTick
    main.o(i.HAL_UART_RxCpltCallback) refers to main.o(.data) for .data
    main.o(i.HAL_UART_RxCpltCallback) refers to main.o(.bss) for .bss
    main.o(i.HAL_UART_RxCpltCallback) refers to usart.o(.bss) for huart1
    main.o(i.SystemClock_Config) refers to rt_memclr_w.o(.text) for __aeabi_memclr4
    main.o(i.SystemClock_Config) refers to stm32g4xx_hal_pwr_ex.o(i.HAL_PWREx_ControlVoltageScaling) for HAL_PWREx_ControlVoltageScaling
    main.o(i.SystemClock_Config) refers to stm32g4xx_hal_rcc.o(i.HAL_RCC_OscConfig) for HAL_RCC_OscConfig
    main.o(i.SystemClock_Config) refers to stm32g4xx_hal_rcc.o(i.HAL_RCC_ClockConfig) for HAL_RCC_ClockConfig
    main.o(i.get_distance) refers to stm32g4xx_hal_adc.o(i.HAL_ADC_Start) for HAL_ADC_Start
    main.o(i.get_distance) refers to stm32g4xx_hal_adc.o(i.HAL_ADC_GetValue) for HAL_ADC_GetValue
    main.o(i.get_distance) refers to dflt_clz.o(x$fpl$dfltu) for __aeabi_ui2d
    main.o(i.get_distance) refers to dmul.o(x$fpl$dmul) for __aeabi_dmul
    main.o(i.get_distance) refers to d2f.o(x$fpl$d2f) for __aeabi_d2f
    main.o(i.get_distance) refers to adc.o(.bss) for hadc2
    main.o(i.key_Proc) refers to key.o(i.key_scan) for key_scan
    main.o(i.key_Proc) refers to lcd.o(i.LCD_Clear) for LCD_Clear
    main.o(i.key_Proc) refers to noretval__2sprintf.o(.text) for __2sprintf
    main.o(i.key_Proc) refers to strlen.o(.text) for strlen
    main.o(i.key_Proc) refers to stm32g4xx_hal_uart.o(i.HAL_UART_Transmit) for HAL_UART_Transmit
    main.o(i.key_Proc) refers to stm32g4xx_hal.o(.data) for uwTick
    main.o(i.key_Proc) refers to main.o(.data) for .data
    main.o(i.key_Proc) refers to main.o(.bss) for .bss
    main.o(i.key_Proc) refers to usart.o(.bss) for huart1
    main.o(i.lcd_Proc) refers to main.o(i.menu2) for menu2
    main.o(i.lcd_Proc) refers to main.o(i.menu1) for menu1
    main.o(i.lcd_Proc) refers to stm32g4xx_hal.o(.data) for uwTick
    main.o(i.lcd_Proc) refers to main.o(.data) for .data
    main.o(i.led_Proc) refers to led.o(i.led_disp) for led_disp
    main.o(i.led_Proc) refers to main.o(.data) for .data
    main.o(i.led_Proc) refers to stm32g4xx_hal.o(.data) for uwTick
    main.o(i.main) refers to stm32g4xx_hal.o(i.HAL_Init) for HAL_Init
    main.o(i.main) refers to main.o(i.SystemClock_Config) for SystemClock_Config
    main.o(i.main) refers to gpio.o(i.MX_GPIO_Init) for MX_GPIO_Init
    main.o(i.main) refers to adc.o(i.MX_ADC2_Init) for MX_ADC2_Init
[...]
    .ARM.Collect$$libshutdown$$0000000A      0x08000276   Section        0  libshutdown2.o(.ARM.Collect$$libshutdown$$0000000A)
    .ARM.Collect$$libshutdown$$0000000C      0x08000276   Section        0  libshutdown2.o(.ARM.Collect$$libshutdown$$0000000C)
    .ARM.Collect$$libshutdown$$0000000F      0x08000276   Section        0  libshutdown2.o(.ARM.Collect$$libshutdown$$0000000F)
    .ARM.Collect$$libshutdown$$00000010      0x08000276   Section        2  libshutdown2.o(.ARM.Collect$$libshutdown$$00000010)
    .ARM.Collect$$rtentry$$00000000          0x08000278   Section        0  __rtentry.o(.ARM.Collect$$rtentry$$00000000)
    .ARM.Collect$$rtentry$$00000002          0x08000278   Section        0  __rtentry2.o(.ARM.Collect$$rtentry$$00000002)
    .ARM.Collect$$rtentry$$00000004          0x08000278   Section        6  __rtentry4.o(.ARM.Collect$$rtentry$$00000004)
    .ARM.Collect$$rtentry$$00000009          0x0800027e   Section        0  __rtentry2.o(.ARM.Collect$$rtentry$$00000009)
    .ARM.Collect$$rtentry$$0000000A          0x0800027e   Section        4  __rtentry2.o(.ARM.Collect$$rtentry$$0000000A)
    .ARM.Collect$$rtentry$$0000000C          0x08000282   Section        0  __rtentry2.o(.ARM.Collect$$rtentry$$0000000C)
    .ARM.Collect$$rtentry$$0000000D          0x08000282   Section        8  __rtentry2.o(.ARM.Collect$$rtentry$$0000000D)
    .ARM.Collect$$rtexit$$00000000           0x0800028a   Section        2  rtexit.o(.ARM.Collect$$rtexit$$00000000)
    .ARM.Collect$$rtexit$$00000002           0x0800028c   Section        0  rtexit2.o(.ARM.Collect$$rtexit$$00000002)
    .ARM.Collect$$rtexit$$00000003           0x0800028c   Section        4  rtexit2.o(.ARM.Collect$$rtexit$$00000003)
    .ARM.Collect$$rtexit$$00000004           0x08000290   Section        6  rtexit2.o(.ARM.Collect$$rtexit$$00000004)
    .text                                    0x08000298   Section       64  startup_stm32g431xx.o(.text)
    $v0                                      0x08000298   Number         0  startup_stm32g431xx.o(.text)
    .text                                    0x080002d8   Section      238  lludivv7m.o(.text)
    .text                                    0x080003c8   Section        0  noretval__2sprintf.o(.text)
    .text                                    0x080003f0   Section        0  _printf_str.o(.text)
    .text                                    0x08000442   Section        0  __printf_wp.o(.text)
    .text                                    0x08000550   Section        0  strlen.o(.text)
    .text                                    0x0800058e   Section       78  rt_memclr_w.o(.text)
    .text                                    0x080005dc   Section        0  heapauxi.o(.text)
    .text                                    0x080005e2   Section        0  _printf_fp_dec.o(.text)
    _fp_digits                               0x080005e5   Thumb Code   432  _printf_fp_dec.o(.text)
    .text                                    0x08000a00   Section        0  _printf_char_common.o(.text)
    _printf_input_char                       0x08000a01   Thumb Code    10  _printf_char_common.o(.text)
    .text                                    0x08000a30   Section        0  _sputc.o(.text)
    .text                                    0x08000a3a   Section        0  _printf_char.o(.text)
    .text                                    0x08000a68   Section        8  rt_locale_intlibspace.o(.text)
    .text                                    0x08000a70   Section      138  lludiv10.o(.text)
    .text                                    0x08000afc   Section        0  _printf_fp_infnan.o(.text)
    .text                                    0x08000b7c   Section        0  bigflt0.o(.text)
    .text                                    0x08000c60   Section        8  libspace.o(.text)
    .text                                    0x08000c68   Section       74  sys_stackheap_outer.o(.text)
    .text                                    0x08000cb2   Section        0  exit.o(.text)
    .text                                    0x08000cc4   Section      128  strcmpv7m.o(.text)
    .text                                    0x08000d44   Section        0  sys_exit.o(.text)
    .text                                    0x08000d50   Section        2  use_no_semi.o(.text)
    .text                                    0x08000d52   Section        0  indicate_semi.o(.text)
    CL$$btod_d2e                             0x08000d52   Section       62  btod.o(CL$$btod_d2e)
    CL$$btod_d2e_denorm_low                  0x08000d90   Section       70  btod.o(CL$$btod_d2e_denorm_low)
    CL$$btod_d2e_norm_op1                    0x08000dd6   Section       96  btod.o(CL$$btod_d2e_norm_op1)
    CL$$btod_div_common                      0x08000e36   Section      824  btod.o(CL$$btod_div_common)
    CL$$btod_e2e                             0x0800116e   Section      220  btod.o(CL$$btod_e2e)
    CL$$btod_ediv                            0x0800124a   Section       42  btod.o(CL$$btod_ediv)
    CL$$btod_emul                            0x08001274   Section       42  btod.o(CL$$btod_emul)
    CL$$btod_mult_common                     0x0800129e   Section      580  btod.o(CL$$btod_mult_common)
    i.ADC_Enable                             0x080014e4   Section        0  stm32g4xx_hal_adc.o(i.ADC_Enable)
    i.BusFault_Handler                       0x08001590   Section        0  stm32g4xx_it.o(i.BusFault_Handler)
    i.DebugMon_Handler                       0x08001592   Section        0  stm32g4xx_it.o(i.DebugMon_Handler)
    i.Delay_LCD                              0x08001594   Section        0  lcd.o(i.Delay_LCD)
    i.Error_Handler                          0x080015b0   Section        0  main.o(i.Error_Handler)
    i.HAL_ADC_ConfigChannel                  0x080015b4   Section        0  stm32g4xx_hal_adc.o(i.HAL_ADC_ConfigChannel)
    i.HAL_ADC_GetValue                       0x080019d8   Section        0  stm32g4xx_hal_adc.o(i.HAL_ADC_GetValue)
    i.HAL_ADC_Init                           0x080019e0   Section        0  stm32g4xx_hal_adc.o(i.HAL_ADC_Init)
    i.HAL_ADC_MspInit                        0x08001bd4   Section        0  adc.o(i.HAL_ADC_MspInit)
    i.HAL_ADC_Start                          0x08001c4c   Section        0  stm32g4xx_hal_adc.o(i.HAL_ADC_Start)
    i.HAL_DMA_Abort                          0x08001d40   Section        0  stm32g4xx_hal_dma.o(i.HAL_DMA_Abort)
    i.HAL_DMA_Abort_IT                       0x08001daa   Section        0  stm32g4xx_hal_dma.o(i.HAL_DMA_Abort_IT)
    i.HAL_Delay                              0x08001e24   Section        0  stm32g4xx_hal.o(i.HAL_Delay)
    i.HAL_GPIO_Init                          0x08001e48   Section        0  stm32g4xx_hal_gpio.o(i.HAL_GPIO_Init)
    i.HAL_GPIO_ReadPin                       0x08002090   Section        0  stm32g4xx_hal_gpio.o(i.HAL_GPIO_ReadPin)
    i.HAL_GPIO_WritePin                      0x0800209a   Section        0  stm32g4xx_hal_gpio.o(i.HAL_GPIO_WritePin)
    i.HAL_GetTick                            0x080020a4   Section        0  stm32g4xx_hal.o(i.HAL_GetTick)
    i.HAL_IncTick                            0x080020b0   Section        0  stm32g4xx_hal.o(i.HAL_IncTick)
    i.HAL_Init                               0x080020c0   Section        0  stm32g4xx_hal.o(i.HAL_Init)
    i.HAL_InitTick                           0x080020e0   Section        0  stm32g4xx_hal.o(i.HAL_InitTick)
    i.HAL_MspInit                            0x08002124   Section        0  stm32g4xx_hal_msp.o(i.HAL_MspInit)
    i.HAL_NVIC_EnableIRQ                     0x08002154   Section        0  stm32g4xx_hal_cortex.o(i.HAL_NVIC_EnableIRQ)
    i.HAL_NVIC_SetPriority                   0x08002170   Section        0  stm32g4xx_hal_cortex.o(i.HAL_NVIC_SetPriority)
    i.HAL_NVIC_SetPriorityGrouping           0x080021b0   Section        0  stm32g4xx_hal_cortex.o(i.HAL_NVIC_SetPriorityGrouping)
    i.HAL_PWREx_ControlVoltageScaling        0x080021d4   Section        0  stm32g4xx_hal_pwr_ex.o(i.HAL_PWREx_ControlVoltageScaling)
    i.HAL_PWREx_DisableUCPDDeadBattery       0x08002290   Section        0  stm32g4xx_hal_pwr_ex.o(i.HAL_PWREx_DisableUCPDDeadBattery)
    i.HAL_RCCEx_PeriphCLKConfig              0x080022a0   Section        0  stm32g4xx_hal_rcc_ex.o(i.HAL_RCCEx_PeriphCLKConfig)
    i.HAL_RCC_ClockConfig                    0x08002528   Section        0  stm32g4xx_hal_rcc.o(i.HAL_RCC_ClockConfig)
    i.HAL_RCC_GetPCLK1Freq                   0x08002704   Section        0  stm32g4xx_hal_rcc.o(i.HAL_RCC_GetPCLK1Freq)
    i.HAL_RCC_GetPCLK2Freq                   0x08002728   Section        0  stm32g4xx_hal_rcc.o(i.HAL_RCC_GetPCLK2Freq)
    i.HAL_RCC_GetSysClockFreq                0x0800274c   Section        0  stm32g4xx_hal_rcc.o(i.HAL_RCC_GetSysClockFreq)
    i.HAL_RCC_OscConfig                      0x080027bc   Section        0  stm32g4xx_hal_rcc.o(i.HAL_RCC_OscConfig)
    i.HAL_SYSTICK_Config                     0x08002bc0   Section        0  stm32g4xx_hal_cortex.o(i.HAL_SYSTICK_Config)
    i.HAL_UARTEx_DisableFifoMode             0x08002be8   Section        0  stm32g4xx_hal_uart_ex.o(i.HAL_UARTEx_DisableFifoMode)
    i.HAL_UARTEx_RxEventCallback             0x08002c26   Section        0  stm32g4xx_hal_uart.o(i.HAL_UARTEx_RxEventCallback)
    i.HAL_UARTEx_RxFifoFullCallback          0x08002c28   Section        0  stm32g4xx_hal_uart_ex.o(i.HAL_UARTEx_RxFifoFullCallback)
    i.HAL_UARTEx_SetRxFifoThreshold          0x08002c2a   Section        0  stm32g4xx_hal_uart_ex.o(i.HAL_UARTEx_SetRxFifoThreshold)
    i.HAL_UARTEx_SetTxFifoThreshold          0x08002c76   Section        0  stm32g4xx_hal_uart_ex.o(i.HAL_UARTEx_SetTxFifoThreshold)
    i.HAL_UARTEx_TxFifoEmptyCallback         0x08002cc2   Section        0  stm32g4xx_hal_uart_ex.o(i.HAL_UARTEx_TxFifoEmptyCallback)
    i.HAL_UARTEx_WakeupCallback              0x08002cc4   Section        0  stm32g4xx_hal_uart_ex.o(i.HAL_UARTEx_WakeupCallback)
    i.HAL_UART_ErrorCallback                 0x08002cc6   Section        0  stm32g4xx_hal_uart.o(i.HAL_UART_ErrorCallback)
    i.HAL_UART_IRQHandler                    0x08002cc8   Section        0  stm32g4xx_hal_uart.o(i.HAL_UART_IRQHandler)
    i.HAL_UART_Init                          0x08002fd4   Section        0  stm32g4xx_hal_uart.o(i.HAL_UART_Init)
    i.HAL_UART_MspInit                       0x08003040   Section        0  usart.o(i.HAL_UART_MspInit)
    i.HAL_UART_Receive_IT                    0x080030cc   Section        0  stm32g4xx_hal_uart.o(i.HAL_UART_Receive_IT)
    i.HAL_UART_RxCpltCallback                0x08003114   Section        0  main.o(i.HAL_UART_RxCpltCallback)
    i.HAL_UART_Transmit                      0x080031e8   Section        0  stm32g4xx_hal_uart.o(i.HAL_UART_Transmit)
    i.HAL_UART_TxCpltCallback                0x08003296   Section        0  stm32g4xx_hal_uart.o(i.HAL_UART_TxCpltCallback)
    i.HardFault_Handler                      0x08003298   Section        0  stm32g4xx_it.o(i.HardFault_Handler)
    i.LCD_BusIn                              0x0800329c   Section        0  lcd.o(i.LCD_BusIn)
    i.LCD_BusOut                             0x080032c8   Section        0  lcd.o(i.LCD_BusOut)
    i.LCD_Clear                              0x080032f8   Section        0  lcd.o(i.LCD_Clear)
    i.LCD_CtrlLinesConfig                    0x0800331c   Section        0  lcd.o(i.LCD_CtrlLinesConfig)
    i.LCD_DisplayChar                        0x080033ac   Section        0  lcd.o(i.LCD_DisplayChar)
    i.LCD_DisplayStringLine                  0x080033c4   Section        0  lcd.o(i.LCD_DisplayStringLine)
    i.LCD_DrawChar                           0x080033f0   Section        0  lcd.o(i.LCD_DrawChar)
    i.LCD_Init                               0x08003448   Section        0  lcd.o(i.LCD_Init)
    i.LCD_ReadReg                            0x0800347c   Section        0  lcd.o(i.LCD_ReadReg)
    i.LCD_SetBackColor                       0x080034fc   Section        0  lcd.o(i.LCD_SetBackColor)
    i.LCD_SetCursor                          0x0800350c   Section        0  lcd.o(i.LCD_SetCursor)
    i.LCD_SetTextColor                       0x08003524   Section        0  lcd.o(i.LCD_SetTextColor)
    i.LCD_WriteRAM                           0x08003534   Section        0  lcd.o(i.LCD_WriteRAM)
    i.LCD_WriteRAM_Prepare                   0x0800358c   Section        0  lcd.o(i.LCD_WriteRAM_Prepare)
    i.LCD_WriteReg                           0x080035e8   Section        0  lcd.o(i.LCD_WriteReg)
    i.LL_ADC_GetOffsetChannel                0x08003654   Section        0  stm32g4xx_hal_adc.o(i.LL_ADC_GetOffsetChannel)
    LL_ADC_GetOffsetChannel                  0x08003655   Thumb Code    12  stm32g4xx_hal_adc.o(i.LL_ADC_GetOffsetChannel)
    i.LL_ADC_INJ_IsConversionOngoing         0x08003660   Section        0  stm32g4xx_hal_adc.o(i.LL_ADC_INJ_IsConversionOngoing)
    LL_ADC_INJ_IsConversionOngoing           0x08003661   Thumb Code     8  stm32g4xx_hal_adc.o(i.LL_ADC_INJ_IsConversionOngoing)
    i.LL_ADC_REG_IsConversionOngoing         0x08003668   Section        0  stm32g4xx_hal_adc.o(i.LL_ADC_REG_IsConversionOngoing)
    LL_ADC_REG_IsConversionOngoing           0x08003669   Thumb Code     8  stm32g4xx_hal_adc.o(i.LL_ADC_REG_IsConversionOngoing)
    i.LL_ADC_SetChannelSamplingTime          0x08003670   Section        0  stm32g4xx_hal_adc.o(i.LL_ADC_SetChannelSamplingTime)
    LL_ADC_SetChannelSamplingTime            0x08003671   Thumb Code    30  stm32g4xx_hal_adc.o(i.LL_ADC_SetChannelSamplingTime)
    i.LL_ADC_SetOffsetState                  0x0800368e   Section        0  stm32g4xx_hal_adc.o(i.LL_ADC_SetOffsetState)
    LL_ADC_SetOffsetState                    0x0800368f   Thumb Code    16  stm32g4xx_hal_adc.o(i.LL_ADC_SetOffsetState)
    i.MX_ADC2_Init                           0x080036a0   Section        0  adc.o(i.MX_ADC2_Init)
    i.MX_GPIO_Init                           0x0800371c   Section        0  gpio.o(i.MX_GPIO_Init)
    i.MX_USART1_UART_Init                    0x080037bc   Section        0  usart.o(i.MX_USART1_UART_Init)
    i.MemManage_Handler                      0x08003824   Section        0  stm32g4xx_it.o(i.MemManage_Handler)
    i.NMI_Handler                            0x08003826   Section        0  stm32g4xx_it.o(i.NMI_Handler)
    i.PendSV_Handler                         0x08003828   Section        0  stm32g4xx_it.o(i.PendSV_Handler)
    i.REG_8230_Init                          0x0800382a   Section        0  lcd.o(i.REG_8230_Init)
    i.REG_932X_Init                          0x0800393c   Section        0  lcd.o(i.REG_932X_Init)
    i.SVC_Handler                            0x08003b3e   Section        0  stm32g4xx_it.o(i.SVC_Handler)
    i.SysTick_Handler                        0x08003b40   Section        0  stm32g4xx_it.o(i.SysTick_Handler)
    i.SystemClock_Config                     0x08003b44   Section        0  main.o(i.SystemClock_Config)
    i.SystemInit                             0x08003bac   Section        0  system_stm32g4xx.o(i.SystemInit)
    i.UARTEx_SetNbDataToProcess              0x08003bbc   Section        0  stm32g4xx_hal_uart_ex.o(i.UARTEx_SetNbDataToProcess)
    UARTEx_SetNbDataToProcess                0x08003bbd   Thumb Code    62  stm32g4xx_hal_uart_ex.o(i.UARTEx_SetNbDataToProcess)
    i.UART_AdvFeatureConfig                  0x08003c00   Section        0  stm32g4xx_hal_uart.o(i.UART_AdvFeatureConfig)
    i.UART_CheckIdleState                    0x08003cc8   Section        0  stm32g4xx_hal_uart.o(i.UART_CheckIdleState)
    i.UART_DMAAbortOnError                   0x08003d74   Section        0  stm32g4xx_hal_uart.o(i.UART_DMAAbortOnError)
    UART_DMAAbortOnError                     0x08003d75   Thumb Code    20  stm32g4xx_hal_uart.o(i.UART_DMAAbortOnError)
    i.UART_EndRxTransfer                     0x08003d88   Section        0  stm32g4xx_hal_uart.o(i.UART_EndRxTransfer)
    UART_EndRxTransfer                       0x08003d89   Thumb Code    78  stm32g4xx_hal_uart.o(i.UART_EndRxTransfer)
    i.UART_RxISR_16BIT                       0x08003ddc   Section        0  stm32g4xx_hal_uart.o(i.UART_RxISR_16BIT)
    UART_RxISR_16BIT                         0x08003ddd   Thumb Code   196  stm32g4xx_hal_uart.o(i.UART_RxISR_16BIT)
    i.UART_RxISR_16BIT_FIFOEN                0x08003ea4   Section        0  stm32g4xx_hal_uart.o(i.UART_RxISR_16BIT_FIFOEN)
    UART_RxISR_16BIT_FIFOEN                  0x08003ea5   Thumb Code   404  stm32g4xx_hal_uart.o(i.UART_RxISR_16BIT_FIFOEN)
    i.UART_RxISR_8BIT                        0x08004044   Section        0  stm32g4xx_hal_uart.o(i.UART_RxISR_8BIT)
    UART_RxISR_8BIT                          0x08004045   Thumb Code   196  stm32g4xx_hal_uart.o(i.UART_RxISR_8BIT)
    i.UART_RxISR_8BIT_FIFOEN                 0x0800410c   Section        0  stm32g4xx_hal_uart.o(i.UART_RxISR_8BIT_FIFOEN)
    UART_RxISR_8BIT_FIFOEN                   0x0800410d   Thumb Code   404  stm32g4xx_hal_uart.o(i.UART_RxISR_8BIT_FIFOEN)
    i.UART_SetConfig                         0x080042ac   Section        0  stm32g4xx_hal_uart.o(i.UART_SetConfig)
    i.UART_Start_Receive_IT                  0x08004520   Section        0  stm32g4xx_hal_uart.o(i.UART_Start_Receive_IT)
    i.UART_WaitOnFlagUntilTimeout            0x08004630   Section        0  stm32g4xx_hal_uart.o(i.UART_WaitOnFlagUntilTimeout)
    i.USART1_IRQHandler                      0x080046c4   Section        0  stm32g4xx_it.o(i.USART1_IRQHandler)
    i.UsageFault_Handler                     0x080046d0   Section        0  stm32g4xx_it.o(i.UsageFault_Handler)
    i.__ARM_fpclassify                       0x080046d2   Section        0  fpclassify.o(i.__ARM_fpclassify)
    i.__NVIC_SetPriority                     0x08004702   Section        0  stm32g4xx_hal_cortex.o(i.__NVIC_SetPriority)
    __NVIC_SetPriority                       0x08004703   Thumb Code    32  stm32g4xx_hal_cortex.o(i.__NVIC_SetPriority)
    i._is_digit                              0x08004722   Section        0  __printf_wp.o(i._is_digit)
    i.get_distance                           0x08004730   Section        0  main.o(i.get_distance)
    i.key_Proc                               0x080047a0   Section        0  main.o(i.key_Proc)
    i.key_scan                               0x08004884   Section        0  key.o(i.key_scan)
    i.lcd_Proc                               0x080048c4   Section        0  main.o(i.lcd_Proc)
    i.led_Proc                               0x080048f0   Section        0  main.o(i.led_Proc)
    i.led_disp                               0x0800495c   Section        0  led.o(i.led_disp)
    i.main                                   0x080049b0   Section        0  main.o(i.main)
    i.menu1                                  0x08004a5c   Section        0  main.o(i.menu1)
    i.menu2                                  0x08004af4   Section        0  main.o(i.menu2)
    locale$$code                             0x08004b24   Section       44  lc_numeric_c.o(locale$$code)
    x$fpl$d2f                                0x08004b50   Section       98  d2f.o(x$fpl$d2f)
    $v0                                      0x08004b50   Number         0  d2f.o(x$fpl$d2f)
    x$fpl$dfltu                              0x08004bb2   Section       38  dflt_clz.o(x$fpl$dfltu)
    $v0                                      0x08004bb2   Number         0  dflt_clz.o(x$fpl$dfltu)
    x$fpl$dmul                               0x08004bd8   Section      340  dmul.o(x$fpl$dmul)
    $v0                                      0x08004bd8   Number         0  dmul.o(x$fpl$dmul)
    x$fpl$dnaninf                            0x08004d2c   Section      156  dnaninf.o(x$fpl$dnaninf)
    $v0                                      0x08004d2c   Number         0  dnaninf.o(x$fpl$dnaninf)
    x$fpl$dretinf                            0x08004dc8   Section       12  dretinf.o(x$fpl$dretinf)
    $v0                                      0x08004dc8   Number         0  dretinf.o(x$fpl$dretinf)
    x$fpl$f2d                                0x08004dd4   Section       86  f2d.o(x$fpl$f2d)
    $v0                                      0x08004dd4   Number         0  f2d.o(x$fpl$f2d)
    x$fpl$fnaninf                            0x08004e2a   Section      140  fnaninf.o(x$fpl$fnaninf)
    $v0                                      0x08004e2a   Number         0  fnaninf.o(x$fpl$fnaninf)
    x$fpl$fpinit                             0x08004eb6   Section       10  fpinit.o(x$fpl$fpinit)
    $v0                                      0x08004eb6   Number         0  fpinit.o(x$fpl$fpinit)
    x$fpl$fretinf                            0x08004ec0   Section       10  fretinf.o(x$fpl$fretinf)
    $v0                                      0x08004ec0   Number         0  fretinf.o(x$fpl$fretinf)
    x$fpl$printf1                            0x08004eca   Section        4  printf1.o(x$fpl$printf1)
    $v0                                      0x08004eca   Number         0  printf1.o(x$fpl$printf1)
    .constdata                               0x08004ece   Section       24  stm32g4xx_hal_uart.o(.constdata)
    x$fpl$usenofp                            0x08004ece   Section        0  usenofp.o(x$fpl$usenofp)
    .constdata                               0x08004ee6   Section       16  stm32g4xx_hal_uart_ex.o(.constdata)
    numerator                                0x08004ee6   Data           8  stm32g4xx_hal_uart_ex.o(.constdata)
    denominator                              0x08004eee   Data           8  stm32g4xx_hal_uart_ex.o(.constdata)
    .constdata                               0x08004ef6   Section       16  system_stm32g4xx.o(.constdata)
    .constdata                               0x08004f06   Section        8  system_stm32g4xx.o(.constdata)
    .constdata                               0x08004f0e   Section     4560  lcd.o(.constdata)
    .constdata                               0x080060e0   Section      148  bigflt0.o(.constdata)
    tenpwrs_x                                0x080060e0   Data          60  bigflt0.o(.constdata)
    tenpwrs_i                                0x0800611c   Data          64  bigflt0.o(.constdata)
    locale$$data                             0x08006194   Section       28  lc_numeric_c.o(locale$$data)
    __lcnum_c_name                           0x08006198   Data           2  lc_numeric_c.o(locale$$data)
    __lcnum_c_start                          0x080061a0   Data           0  lc_numeric_c.o(locale$$data)
    __lcnum_c_point                          0x080061ac   Data           0  lc_numeric_c.o(locale$$data)
    __lcnum_c_thousands                      0x080061ae   Data           0  lc_numeric_c.o(locale$$data)
    __lcnum_c_grouping                       0x080061af   Data           0  lc_numeric_c.o(locale$$data)
    __lcnum_c_end                            0x080061b0   Data           0  lc_numeric_c.o(locale$$data)
    .data                                    0x20000000   Section       32  main.o(.data)
    .data                                    0x20000020   Section       12  stm32g4xx_hal.o(.data)
    .data                                    0x2000002c   Section        4  system_stm32g4xx.o(.data)
    .data                                    0x20000030   Section        6  lcd.o(.data)
    TextColor                                0x20000030   Data           2  lcd.o(.data)
    BackColor                                0x20000032   Data           2  lcd.o(.data)
    .bss                                     0x20000038   Section       70  main.o(.bss)
    .bss                                     0x20000080   Section      108  adc.o(.bss)
    .bss                                     0x200000ec   Section      148  usart.o(.bss)
    .bss                                     0x20000180   Section       96  libspace.o(.bss)
    HEAP                                     0x200001e0   Section      512  startup_stm32g431xx.o(HEAP)
    Heap_Mem                                 0x200001e0   Data         512  startup_stm32g431xx.o(HEAP)
    STACK                                    0x200003e0   Section     1024  startup_stm32g431xx.o(STACK)
    Stack_Mem                                0x200003e0   Data        1024  startup_stm32g431xx.o(STACK)
    __initial_sp                             0x200007e0   Data           0  startup_stm32g431xx.o(STACK)

    Global Symbols

    Symbol Name                              Value     Ov Type        Size  Object(Section)

    BuildAttributes$$THM_ISAv4$E$P$D$K$B$S$7EM$VFPi3$EXTD16$VFPS$VFMA$PE$A:L22UL41UL21$X:L11$S22US41US21$IEEE1$IW$USESV6$~STKCKD$USESV7$~SHL$OTIME$ROPI$IEEEJ$EBA8$UX$STANDARDLIB$REQ8$PRES8$EABIv2 0x00000000   Number         0  anon$$obj.o ABSOLUTE
    __ARM_use_no_argv                        0x00000000   Number         0  main.o ABSOLUTE
    _printf_flags                            0x00000000   Number         0  printf_stubs.o ABSOLUTE
    _printf_return_value                     0x00000000   Number         0  printf_stubs.o ABSOLUTE
    _printf_sizespec                         0x00000000   Number         0  printf_stubs.o ABSOLUTE
    _printf_widthprec                        0x00000000   Number         0  printf_stubs.o ABSOLUTE
    __ARM_exceptions_init                     - Undefined Weak Reference
    __alloca_initialize                       - Undefined Weak Reference
    __arm_preinit_                            - Undefined Weak Reference
    __cpp_initialize__aeabi_                  - Undefined Weak Reference
    __cxa_finalize                            - Undefined Weak Reference
    __sigvec_lookup                           - Undefined Weak Reference
    _atexit_init                              - Undefined Weak Reference
    _call_atexit_fns                          - Undefined Weak Reference
    _clock_init                               - Undefined Weak Reference
    _fp_trap_init                             - Undefined Weak Reference
    _fp_trap_shutdown                         - Undefined Weak Reference
    _get_lc_collate                           - Undefined Weak Reference
    _get_lc_ctype                             - Undefined Weak Reference
    _get_lc_monetary                          - Undefined Weak Reference
    _get_lc_time                              - Undefined Weak Reference
    _getenv_init                              - Undefined Weak Reference
    _handle_redirection                       - Undefined Weak Reference
    _init_alloc                               - Undefined Weak Reference
    _init_user_alloc                          - Undefined Weak Reference
    _initio                                   - Undefined Weak Reference
    _printf_mbtowc                            - Undefined Weak Reference
    _printf_post_padding                      - Undefined Weak Reference
    _printf_pre_padding                       - Undefined Weak Reference
    _rand_init                                - Undefined Weak Reference
    _signal_finish                            - Undefined Weak Reference
    _signal_init                              - Undefined Weak Reference
    _terminate_alloc                          - Undefined Weak Reference
    _terminate_user_alloc                     - Undefined Weak Reference
    _terminateio                              - Undefined Weak Reference
    __Vectors_Size                           0x000001d8   Number         0  startup_stm32g431xx.o ABSOLUTE
    __Vectors                                0x08000000   Data           4  startup_stm32g431xx.o(RESET)
    __Vectors_End                            0x080001d8   Data           0  startup_stm32g431xx.o(RESET)
    __main                                   0x080001d9   Thumb Code     8  __main.o(!!!main)
    __scatterload                            0x080001e1   Thumb Code     0  __scatter.o(!!!scatter)
    __scatterload_rt2                        0x080001e1   Thumb Code    44  __scatter.o(!!!scatter)
    __scatterload_rt2_thumb_only             0x080001e1   Thumb Code     0  __scatter.o(!!!scatter)
    __scatterload_null                       0x080001ef   Thumb Code     0  __scatter.o(!!!scatter)
    __scatterload_copy                       0x08000215   Thumb Code    26  __scatter_copy.o(!!handler_copy)
    __scatterload_zeroinit                   0x08000231   Thumb Code    28  __scatter_zi.o(!!handler_zi)
    _printf_f                                0x0800024d   Thumb Code     0  _printf_f.o(.ARM.Collect$$_printf_percent$$00000003)
    _printf_percent                          0x0800024d   Thumb Code     0  _printf_percent.o(.ARM.Collect$$_printf_percent$$00000000)
    _printf_c                                0x08000253   Thumb Code     0  _printf_c.o(.ARM.Collect$$_printf_percent$$00000013)
    _printf_percent_end                      0x08000259   Thumb Code     0  _printf_percent_end.o(.ARM.Collect$$_printf_percent$$00000017)
    __rt_lib_init                            0x0800025d   Thumb Code     0  libinit.o(.ARM.Collect$$libinit$$00000000)
    __rt_lib_init_fp_1                       0x0800025f   Thumb Code     0  libinit2.o(.ARM.Collect$$libinit$$00000001)
    __rt_lib_init_heap_1                     0x08000263   Thumb Code     0  libinit2.o(.ARM.Collect$$libinit$$0000000A)
    __rt_lib_init_lc_common                  0x08000263   Thumb Code     0  libinit2.o(.ARM.Collect$$libinit$$0000000F)
    __rt_lib_init_preinit_1                  0x08000263   Thumb Code     0  libinit2.o(.ARM.Collect$$libinit$$00000004)
    __rt_lib_init_rand_1                     0x08000263   Thumb Code     0  libinit2.o(.ARM.Collect$$libinit$$0000000E)
    __rt_lib_init_user_alloc_1               0x08000263   Thumb Code     0  libinit2.o(.ARM.Collect$$libinit$$0000000C)
    __rt_lib_init_lc_collate_1               0x08000269   Thumb Code     0  libinit2.o(.ARM.Collect$$libinit$$00000011)
    __rt_lib_init_lc_ctype_1                 0x08000269   Thumb Code     0  libinit2.o(.ARM.Collect$$libinit$$00000013)
    __rt_lib_init_lc_monetary_1              0x08000269   Thumb Code     0  libinit2.o(.ARM.Collect$$libinit$$00000015)
    __rt_lib_init_lc_numeric_2               0x08000269   Thumb Code     0  libinit2.o(.ARM.Collect$$libinit$$00000016)
    __rt_lib_init_alloca_1                   0x08000273   Thumb Code     0  libinit2.o(.ARM.Collect$$libinit$$0000002E)
    __rt_lib_init_argv_1                     0x08000273   Thumb Code     0  libinit2.o(.ARM.Collect$$libinit$$0000002C)
    __rt_lib_init_atexit_1                   0x08000273   Thumb Code     0  libinit2.o(.ARM.Collect$$libinit$$0000001B)
    __rt_lib_init_clock_1                    0x08000273   Thumb Code     0  libinit2.o(.ARM.Collect$$libinit$$00000021)
    __rt_lib_init_cpp_1                      0x08000273   Thumb Code     0  libinit2.o(.ARM.Collect$$libinit$$00000032)
    __rt_lib_init_exceptions_1               0x08000273   Thumb Code     0  libinit2.o(.ARM.Collect$$libinit$$00000030)
    __rt_lib_init_fp_trap_1                  0x08000273   Thumb Code     0  libinit2.o(.ARM.Collect$$libinit$$0000001F)
    __rt_lib_init_getenv_1                   0x08000273   Thumb Code     0  libinit2.o(.ARM.Collect$$libinit$$00000023)
    __rt_lib_init_lc_numeric_1               0x08000273   Thumb Code     0  libinit2.o(.ARM.Collect$$libinit$$00000017)
    __rt_lib_init_lc_time_1                  0x08000273   Thumb Code     0  libinit2.o(.ARM.Collect$$libinit$$00000019)
    __rt_lib_init_return                     0x08000273   Thumb Code     0  libinit2.o(.ARM.Collect$$libinit$$00000033)
    __rt_lib_init_signal_1                   0x08000273   Thumb Code     0  libinit2.o(.ARM.Collect$$libinit$$0000001D)
    __rt_lib_init_stdio_1                    0x08000273   Thumb Code     0  libinit2.o(.ARM.Collect$$libinit$$00000025)
    __rt_lib_shutdown                        0x08000275   Thumb Code     0  libshutdown.o(.ARM.Collect$$libshutdown$$00000000)
    __rt_lib_shutdown_cpp_1                  0x08000277   Thumb Code     0  libshutdown2.o(.ARM.Collect$$libshutdown$$00000002)
    __rt_lib_shutdown_fp_trap_1              0x08000277   Thumb Code     0  libshutdown2.o(.ARM.Collect$$libshutdown$$00000007)
    __rt_lib_shutdown_heap_1                 0x08000277   Thumb Code     0  libshutdown2.o(.ARM.Collect$$libshutdown$$0000000F)
    __rt_lib_shutdown_return                 0x08000277   Thumb Code     0  libshutdown2.o(.ARM.Collect$$libshutdown$$00000010)
    __rt_lib_shutdown_signal_1               0x08000277   Thumb Code     0  libshutdown2.o(.ARM.Collect$$libshutdown$$0000000A)
    __rt_lib_shutdown_stdio_1                0x08000277   Thumb Code     0  libshutdown2.o(.ARM.Collect$$libshutdown$$00000004)
    __rt_lib_shutdown_user_alloc_1           0x08000277   Thumb Code     0  libshutdown2.o(.ARM.Collect$$libshutdown$$0000000C)
    __rt_entry                               0x08000279   Thumb Code     0  __rtentry.o(.ARM.Collect$$rtentry$$00000000)
    __rt_entry_presh_1                       0x08000279   Thumb Code     0  __rtentry2.o(.ARM.Collect$$rtentry$$00000002)
    __rt_entry_sh                            0x08000279   Thumb Code     0  __rtentry4.o(.ARM.Collect$$rtentry$$00000004)
    __rt_entry_li                            0x0800027f   Thumb Code     0  __rtentry2.o(.ARM.Collect$$rtentry$$0000000A)
    __rt_entry_postsh_1                      0x0800027f   Thumb Code     0  __rtentry2.o(.ARM.Collect$$rtentry$$00000009)
    __rt_entry_main                          0x08000283   Thumb Code     0  __rtentry2.o(.ARM.Collect$$rtentry$$0000000D)
    __rt_entry_postli_1                      0x08000283   Thumb Code     0  __rtentry2.o(.ARM.Collect$$rtentry$$0000000C)
    __rt_exit                                0x0800028b   Thumb Code     0  rtexit.o(.ARM.Collect$$rtexit$$00000000)
    __rt_exit_ls                             0x0800028d   Thumb Code     0  rtexit2.o(.ARM.Collect$$rtexit$$00000003)
    __rt_exit_prels_1                        0x0800028d   Thumb Code     0  rtexit2.o(.ARM.Collect$$rtexit$$00000002)
    __rt_exit_exit                           0x08000291   Thumb Code     0  rtexit2.o(.ARM.Collect$$rtexit$$00000004)
    Reset_Handler                            0x08000299   Thumb Code     8  startup_stm32g431xx.o(.text)
    ADC1_2_IRQHandler                        0x080002b3   Thumb Code     0  startup_stm32g431xx.o(.text)
    COMP1_2_3_IRQHandler                     0x080002b3   Thumb Code     0  startup_stm32g431xx.o(.text)
    COMP4_IRQHandler                         0x080002b3   Thumb Code     0  startup_stm32g431xx.o(.text)
    CORDIC_IRQHandler                        0x080002b3   Thumb Code     0  startup_stm32g431xx.o(.text)
    CRS_IRQHandler                           0x080002b3   Thumb Code     0  startup_stm32g431xx.o(.text)
    DMA1_Channel1_IRQHandler                 0x080002b3   Thumb Code     0  startup_stm32g431xx.o(.text)
    DMA1_Channel2_IRQHandler                 0x080002b3   Thumb Code     0  startup_stm32g431xx.o(.text)
    DMA1_Channel3_IRQHandler                 0x080002b3   Thumb Code     0  startup_stm32g431xx.o(.text)
    DMA1_Channel4_IRQHandler                 0x080002b3   Thumb Code     0  startup_stm32g431xx.o(.text)
    DMA1_Channel5_IRQHandler                 0x080002b3   Thumb Code     0  startup_stm32g431xx.o(.text)
    DMA1_Channel6_IRQHandler                 0x080002b3   Thumb Code     0  startup_stm32g431xx.o(.text)
    DMA2_Channel1_IRQHandler                 0x080002b3   Thumb Code     0  startup_stm32g431xx.o(.text)
    DMA2_Channel2_IRQHandler                 0x080002b3   Thumb Code     0  startup_stm32g431xx.o(.text)
    DMA2_Channel3_IRQHandler                 0x080002b3   Thumb Code     0  startup_stm32g431xx.o(.text)
    DMA2_Channel4_IRQHandler                 0x080002b3   Thumb Code     0  startup_stm32g431xx.o(.text)
    DMA2_Channel5_IRQHandler                 0x080002b3   Thumb Code     0  startup_stm32g431xx.o(.text)
    DMA2_Channel6_IRQHandler                 0x080002b3   Thumb Code     0  startup_stm32g431xx.o(.text)
    DMAMUX_OVR_IRQHandler                    0x080002b3   Thumb Code     0  startup_stm32g431xx.o(.text)
    EXTI0_IRQHandler                         0x080002b3   Thumb Code     0  startup_stm32g431xx.o(.text)
    EXTI15_10_IRQHandler                     0x080002b3   Thumb Code     0  startup_stm32g431xx.o(.text)
    EXTI1_IRQHandler                         0x080002b3   Thumb Code     0  startup_stm32g431xx.o(.text)
    EXTI2_IRQHandler                         0x080002b3   Thumb Code     0  startup_stm32g431xx.o(.text)
    EXTI3_IRQHandler                         0x080002b3   Thumb Code     0  startup_stm32g431xx.o(.text)
    EXTI4_IRQHandler                         0x080002b3   Thumb Code     0  startup_stm32g431xx.o(.text)
    EXTI9_5_IRQHandler                       0x080002b3   Thumb Code     0  startup_stm32g431xx.o(.text)
    FDCAN1_IT0_IRQHandler                    0x080002b3   Thumb Code     0  startup_stm32g431xx.o(.text)
    FDCAN1_IT1_IRQHandler                    0x080002b3   Thumb Code     0  startup_stm32g431xx.o(.text)
    FLASH_IRQHandler                         0x080002b3   Thumb Code     0  startup_stm32g431xx.o(.text)
    FMAC_IRQHandler                          0x080002b3   Thumb Code     0  startup_stm32g431xx.o(.text)
    FPU_IRQHandler                           0x080002b3   Thumb Code     0  startup_stm32g431xx.o(.text)
    I2C1_ER_IRQHandler                       0x080002b3   Thumb Code     0  startup_stm32g431xx.o(.text)
    I2C1_EV_IRQHandler                       0x080002b3   Thumb Code     0  startup_stm32g431xx.o(.text)
    I2C2_ER_IRQHandler                       0x080002b3   Thumb Code     0  startup_stm32g431xx.o(.text)
    I2C2_EV_IRQHandler                       0x080002b3   Thumb Code     0  startup_stm32g431xx.o(.text)
    I2C3_ER_IRQHandler                       0x080002b3   Thumb Code     0  startup_stm32g431xx.o(.text)
    I2C3_EV_IRQHandler                       0x080002b3   Thumb Code     0  startup_stm32g431xx.o(.text)
    LPTIM1_IRQHandler                        0x080002b3   Thumb Code     0  startup_stm32g431xx.o(.text)
    LPUART1_IRQHandler                       0x080002b3   Thumb Code     0  startup_stm32g431xx.o(.text)
    PVD_PVM_IRQHandler                       0x080002b3   Thumb Code     0  startup_stm32g431xx.o(.text)
    RCC_IRQHandler                           0x080002b3   Thumb Code     0  startup_stm32g431xx.o(.text)
    RNG_IRQHandler                           0x080002b3   Thumb Code     0  startup_stm32g431xx.o(.text)
    RTC_Alarm_IRQHandler                     0x080002b3   Thumb Code     0  startup_stm32g431xx.o(.text)
    RTC_TAMP_LSECSS_IRQHandler               0x080002b3   Thumb Code     0  startup_stm32g431xx.o(.text)
    RTC_WKUP_IRQHandler                      0x080002b3   Thumb Code     0  startup_stm32g431xx.o(.text)
    SAI1_IRQHandler                          0x080002b3   Thumb Code     0  startup_stm32g431xx.o(.text)
    SPI1_IRQHandler                          0x080002b3   Thumb Code     0  startup_stm32g431xx.o(.text)
    SPI2_IRQHandler                          0x080002b3   Thumb Code     0  startup_stm32g431xx.o(.text)
    SPI3_IRQHandler                          0x080002b3   Thumb Code     0  startup_stm32g431xx.o(.text)
    TIM1_BRK_TIM15_IRQHandler                0x080002b3   Thumb Code     0  startup_stm32g431xx.o(.text)
    TIM1_CC_IRQHandler                       0x080002b3   Thumb Code     0  startup_stm32g431xx.o(.text)
    TIM1_TRG_COM_TIM17_IRQHandler            0x080002b3   Thumb Code     0  startup_stm32g431xx.o(.text)
    TIM1_UP_TIM16_IRQHandler                 0x080002b3   Thumb Code     0  startup_stm32g431xx.o(.text)
    TIM2_IRQHandler                          0x080002b3   Thumb Code     0  startup_stm32g431xx.o(.text)
    TIM3_IRQHandler                          0x080002b3   Thumb Code     0  startup_stm32g431xx.o(.text)
    TIM4_IRQHandler                          0x080002b3   Thumb Code     0  startup_stm32g431xx.o(.text)
    TIM6_DAC_IRQHandler                      0x080002b3   Thumb Code     0  startup_stm32g431xx.o(.text)
    TIM7_IRQHandler                          0x080002b3   Thumb Code     0  startup_stm32g431xx.o(.text)
    TIM8_BRK_IRQHandler                      0x080002b3   Thumb Code     0  startup_stm32g431xx.o(.text)
    TIM8_CC_IRQHandler                       0x080002b3   Thumb Code     0  startup_stm32g431xx.o(.text)
    TIM8_TRG_COM_IRQHandler                  0x080002b3   Thumb Code     0  startup_stm32g431xx.o(.text)
    TIM8_UP_IRQHandler                       0x080002b3   Thumb Code     0  startup_stm32g431xx.o(.text)
    UART4_IRQHandler                         0x080002b3   Thumb Code     0  startup_stm32g431xx.o(.text)
    UCPD1_IRQHandler                         0x080002b3   Thumb Code     0  startup_stm32g431xx.o(.text)
    USART2_IRQHandler                        0x080002b3   Thumb Code     0  startup_stm32g431xx.o(.text)
    USART3_IRQHandler                        0x080002b3   Thumb Code     0  startup_stm32g431xx.o(.text)
    USBWakeUp_IRQHandler                     0x080002b3   Thumb Code     0  startup_stm32g431xx.o(.text)
    USB_HP_IRQHandler                        0x080002b3   Thumb Code     0  startup_stm32g431xx.o(.text)
    USB_LP_IRQHandler                        0x080002b3   Thumb Code     0  startup_stm32g431xx.o(.text)
    WWDG_IRQHandler                          0x080002b3   Thumb Code     0  startup_stm32g431xx.o(.text)
    __user_initial_stackheap                 0x080002b5   Thumb Code     0  startup_stm32g431xx.o(.text)
    __aeabi_uldivmod                         0x080002d9   Thumb Code     0  lludivv7m.o(.text)
    _ll_udiv                                 0x080002d9   Thumb Code   238  lludivv7m.o(.text)
    __2sprintf                               0x080003c9   Thumb Code    34  noretval__2sprintf.o(.text)
    _printf_str                              0x080003f1   Thumb Code    82  _printf_str.o(.text)
    __printf                                 0x08000443   Thumb Code   270  __printf_wp.o(.text)
    strlen                                   0x08000551   Thumb Code    62  strlen.o(.text)
    __aeabi_memclr4                          0x0800058f   Thumb Code     0  rt_memclr_w.o(.text)
    __aeabi_memclr8                          0x0800058f   Thumb Code     0  rt_memclr_w.o(.text)
    __rt_memclr_w                            0x0800058f   Thumb Code    78  rt_memclr_w.o(.text)
    _memset_w                                0x08000593   Thumb Code     0  rt_memclr_w.o(.text)
    __use_two_region_memory                  0x080005dd   Thumb Code     2  heapauxi.o(.text)
    __rt_heap_escrow$2region                 0x080005df   Thumb Code     2  heapauxi.o(.text)
    __rt_heap_expand$2region                 0x080005e1   Thumb Code     2  heapauxi.o(.text)
    __lib_sel_fp_printf                      0x080005e3   Thumb Code     2  _printf_fp_dec.o(.text)
    _printf_fp_dec_real                      0x08000795   Thumb Code   620  _printf_fp_dec.o(.text)
    _printf_char_common                      0x08000a0b   Thumb Code    32  _printf_char_common.o(.text)
    _sputc                                   0x08000a31   Thumb Code    10  _sputc.o(.text)
    _printf_cs_common                        0x08000a3b   Thumb Code    20  _printf_char.o(.text)
    _printf_char                             0x08000a4f   Thumb Code    16  _printf_char.o(.text)
    _printf_string                           0x08000a5f   Thumb Code     8  _printf_char.o(.text)
    __rt_locale                              0x08000a69   Thumb Code     8  rt_locale_intlibspace.o(.text)
    _ll_udiv10                               0x08000a71   Thumb Code   138  lludiv10.o(.text)
    _printf_fp_infnan                        0x08000afd   Thumb Code   112  _printf_fp_infnan.o(.text)
    _btod_etento                             0x08000b7d   Thumb Code   224  bigflt0.o(.text)
    __user_libspace                          0x08000c61   Thumb Code     8  libspace.o(.text)
    __user_perproc_libspace                  0x08000c61   Thumb Code     0  libspace.o(.text)
    __user_perthread_libspace                0x08000c61   Thumb Code     0  libspace.o(.text)
    __user_setup_stackheap                   0x08000c69   Thumb Code    74  sys_stackheap_outer.o(.text)
    exit                                     0x08000cb3   Thumb Code    18  exit.o(.text)
    strcmp                                   0x08000cc5   Thumb Code   128  strcmpv7m.o(.text)
    _sys_exit                                0x08000d45   Thumb Code     8  sys_exit.o(.text)
    __I$use$semihosting                      0x08000d51   Thumb Code     0  use_no_semi.o(.text)
    __use_no_semihosting_swi                 0x08000d51   Thumb Code     2  use_no_semi.o(.text)
    __semihosting_library_function           0x08000d53   Thumb Code     0  indicate_semi.o(.text)
    _btod_d2e                                0x08000d53   Thumb Code    62  btod.o(CL$$btod_d2e)
    _d2e_denorm_low                          0x08000d91   Thumb Code    70  btod.o(CL$$btod_d2e_denorm_low)
    _d2e_norm_op1                            0x08000dd7   Thumb Code    96  btod.o(CL$$btod_d2e_norm_op1)
    __btod_div_common                        0x08000e37   Thumb Code   696  btod.o(CL$$btod_div_common)
    _e2e                                     0x0800116f   Thumb Code   220  btod.o(CL$$btod_e2e)
    _btod_ediv                               0x0800124b   Thumb Code    42  btod.o(CL$$btod_ediv)
    _btod_emul                               0x08001275   Thumb Code    42  btod.o(CL$$btod_emul)
    __btod_mult_common                       0x0800129f   Thumb Code   580  btod.o(CL$$btod_mult_common)
    ADC_Enable                               0x080014e5   Thumb Code   154  stm32g4xx_hal_adc.o(i.ADC_Enable)
    BusFault_Handler                         0x08001591   Thumb Code     2  stm32g4xx_it.o(i.BusFault_Handler)
    DebugMon_Handler                         0x08001593   Thumb Code     2  stm32g4xx_it.o(i.DebugMon_Handler)
    Delay_LCD                                0x08001595   Thumb Code    28  lcd.o(i.Delay_LCD)
    Error_Handler                            0x080015b1   Thumb Code     4  main.o(i.Error_Handler)
    HAL_ADC_ConfigChannel                    0x080015b5   Thumb Code  1006  stm32g4xx_hal_adc.o(i.HAL_ADC_ConfigChannel)
    HAL_ADC_GetValue                         0x080019d9   Thumb Code     6  stm32g4xx_hal_adc.o(i.HAL_ADC_GetValue)
    HAL_ADC_Init                             0x080019e1   Thumb Code   466  stm32g4xx_hal_adc.o(i.HAL_ADC_Init)
    HAL_ADC_MspInit                          0x08001bd5   Thumb Code   106  adc.o(i.HAL_ADC_MspInit)
    HAL_ADC_Start                            0x08001c4d   Thumb Code   230  stm32g4xx_hal_adc.o(i.HAL_ADC_Start)
    HAL_DMA_Abort                            0x08001d41   Thumb Code   106  stm32g4xx_hal_dma.o(i.HAL_DMA_Abort)
    HAL_DMA_Abort_IT                         0x08001dab   Thumb Code   120  stm32g4xx_hal_dma.o(i.HAL_DMA_Abort_IT)
    HAL_Delay                                0x08001e25   Thumb Code    32  stm32g4xx_hal.o(i.HAL_Delay)
    HAL_GPIO_Init                            0x08001e49   Thumb Code   550  stm32g4xx_hal_gpio.o(i.HAL_GPIO_Init)
    HAL_GPIO_ReadPin                         0x08002091   Thumb Code    10  stm32g4xx_hal_gpio.o(i.HAL_GPIO_ReadPin)
    HAL_GPIO_WritePin                        0x0800209b   Thumb Code    10  stm32g4xx_hal_gpio.o(i.HAL_GPIO_WritePin)
    HAL_GetTick                              0x080020a5   Thumb Code     6  stm32g4xx_hal.o(i.HAL_GetTick)
    HAL_IncTick                              0x080020b1   Thumb Code    12  stm32g4xx_hal.o(i.HAL_IncTick)
    HAL_Init                                 0x080020c1   Thumb Code    30  stm32g4xx_hal.o(i.HAL_Init)
    HAL_InitTick                             0x080020e1   Thumb Code    58  stm32g4xx_hal.o(i.HAL_InitTick)
    HAL_MspInit                              0x08002125   Thumb Code    42  stm32g4xx_hal_msp.o(i.HAL_MspInit)
    HAL_NVIC_EnableIRQ                       0x08002155   Thumb Code    26  stm32g4xx_hal_cortex.o(i.HAL_NVIC_EnableIRQ)
    HAL_NVIC_SetPriority                     0x08002171   Thumb Code    60  stm32g4xx_hal_cortex.o(i.HAL_NVIC_SetPriority)
    HAL_NVIC_SetPriorityGrouping             0x080021b1   Thumb Code    26  stm32g4xx_hal_cortex.o(i.HAL_NVIC_SetPriorityGrouping)
    HAL_PWREx_ControlVoltageScaling          0x080021d5   Thumb Code   174  stm32g4xx_hal_pwr_ex.o(i.HAL_PWREx_ControlVoltageScaling)
    HAL_PWREx_DisableUCPDDeadBattery         0x08002291   Thumb Code    12  stm32g4xx_hal_pwr_ex.o(i.HAL_PWREx_DisableUCPDDeadBattery)
    HAL_RCCEx_PeriphCLKConfig                0x080022a1   Thumb Code   638  stm32g4xx_hal_rcc_ex.o(i.HAL_RCCEx_PeriphCLKConfig)
    HAL_RCC_ClockConfig                      0x08002529   Thumb Code   444  stm32g4xx_hal_rcc.o(i.HAL_RCC_ClockConfig)
    HAL_RCC_GetPCLK1Freq                     0x08002705   Thumb Code    24  stm32g4xx_hal_rcc.o(i.HAL_RCC_GetPCLK1Freq)
    HAL_RCC_GetPCLK2Freq                     0x08002729   Thumb Code    24  stm32g4xx_hal_rcc.o(i.HAL_RCC_GetPCLK2Freq)
    HAL_RCC_GetSysClockFreq                  0x0800274d   Thumb Code    98  stm32g4xx_hal_rcc.o(i.HAL_RCC_GetSysClockFreq)
    HAL_RCC_OscConfig                        0x080027bd   Thumb Code  1028  stm32g4xx_hal_rcc.o(i.HAL_RCC_OscConfig)
    HAL_SYSTICK_Config                       0x08002bc1   Thumb Code    40  stm32g4xx_hal_cortex.o(i.HAL_SYSTICK_Config)
    HAL_UARTEx_DisableFifoMode               0x08002be9   Thumb Code    62  stm32g4xx_hal_uart_ex.o(i.HAL_UARTEx_DisableFifoMode)
    HAL_UARTEx_RxEventCallback               0x08002c27   Thumb Code     2  stm32g4xx_hal_uart.o(i.HAL_UARTEx_RxEventCallback)
    HAL_UARTEx_RxFifoFullCallback            0x08002c29   Thumb Code     2  stm32g4xx_hal_uart_ex.o(i.HAL_UARTEx_RxFifoFullCallback)
    HAL_UARTEx_SetRxFifoThreshold            0x08002c2b   Thumb Code    76  stm32g4xx_hal_uart_ex.o(i.HAL_UARTEx_SetRxFifoThreshold)
    HAL_UARTEx_SetTxFifoThreshold            0x08002c77   Thumb Code    76  stm32g4xx_hal_uart_ex.o(i.HAL_UARTEx_SetTxFifoThreshold)
    HAL_UARTEx_TxFifoEmptyCallback           0x08002cc3   Thumb Code     2  stm32g4xx_hal_uart_ex.o(i.HAL_UARTEx_TxFifoEmptyCallback)
    HAL_UARTEx_WakeupCallback                0x08002cc5   Thumb Code     2  stm32g4xx_hal_uart_ex.o(i.HAL_UARTEx_WakeupCallback)
    HAL_UART_ErrorCallback                   0x08002cc7   Thumb Code     2  stm32g4xx_hal_uart.o(i.HAL_UART_ErrorCallback)
    HAL_UART_IRQHandler                      0x08002cc9   Thumb Code   766  stm32g4xx_hal_uart.o(i.HAL_UART_IRQHandler)
    HAL_UART_Init                            0x08002fd5   Thumb Code   106  stm32g4xx_hal_uart.o(i.HAL_UART_Init)
    HAL_UART_MspInit                         0x08003041   Thumb Code   132  usart.o(i.HAL_UART_MspInit)
    HAL_UART_Receive_IT                      0x080030cd   Thumb Code    66  stm32g4xx_hal_uart.o(i.HAL_UART_Receive_IT)
    HAL_UART_RxCpltCallback                  0x08003115   Thumb Code   170  main.o(i.HAL_UART_RxCpltCallback)
    HAL_UART_Transmit                        0x080031e9   Thumb Code   174  stm32g4xx_hal_uart.o(i.HAL_UART_Transmit)
    HAL_UART_TxCpltCallback                  0x08003297   Thumb Code     2  stm32g4xx_hal_uart.o(i.HAL_UART_TxCpltCallback)
    HardFault_Handler                        0x08003299   Thumb Code     2  stm32g4xx_it.o(i.HardFault_Handler)
    LCD_BusIn                                0x0800329d   Thumb Code    40  lcd.o(i.LCD_BusIn)
    LCD_BusOut                               0x080032c9   Thumb Code    42  lcd.o(i.LCD_BusOut)
    LCD_Clear                                0x080032f9   Thumb Code    36  lcd.o(i.LCD_Clear)
    LCD_CtrlLinesConfig                      0x0800331d   Thumb Code   136  lcd.o(i.LCD_CtrlLinesConfig)
    LCD_DisplayChar                          0x080033ad   Thumb Code    18  lcd.o(i.LCD_DisplayChar)
    LCD_DisplayStringLine                    0x080033c5   Thumb Code    42  lcd.o(i.LCD_DisplayStringLine)
    LCD_DrawChar                             0x080033f1   Thumb Code    84  lcd.o(i.LCD_DrawChar)
    LCD_Init                                 0x08003449   Thumb Code    46  lcd.o(i.LCD_Init)
    LCD_ReadReg                              0x0800347d   Thumb Code   120  lcd.o(i.LCD_ReadReg)
    LCD_SetBackColor                         0x080034fd   Thumb Code    12  lcd.o(i.LCD_SetBackColor)
    LCD_SetCursor                            0x0800350d   Thumb Code    24  lcd.o(i.LCD_SetCursor)
    LCD_SetTextColor                         0x08003525   Thumb Code    12  lcd.o(i.LCD_SetTextColor)
    LCD_WriteRAM                             0x08003535   Thumb Code    80  lcd.o(i.LCD_WriteRAM)
    LCD_WriteRAM_Prepare                     0x0800358d   Thumb Code    82  lcd.o(i.LCD_WriteRAM_Prepare)
    LCD_WriteReg                             0x080035e9   Thumb Code   100  lcd.o(i.LCD_WriteReg)
    MX_ADC2_Init                             0x080036a1   Thumb Code   112  adc.o(i.MX_ADC2_Init)
    MX_GPIO_Init                             0x0800371d   Thumb Code   148  gpio.o(i.MX_GPIO_Init)
    MX_USART1_UART_Init                      0x080037bd   Thumb Code    94  usart.o(i.MX_USART1_UART_Init)
    MemManage_Handler                        0x08003825   Thumb Code     2  stm32g4xx_it.o(i.MemManage_Handler)
    NMI_Handler                              0x08003827   Thumb Code     2  stm32g4xx_it.o(i.NMI_Handler)
    PendSV_Handler                           0x08003829   Thumb Code     2  stm32g4xx_it.o(i.PendSV_Handler)
    REG_8230_Init                            0x0800382b   Thumb Code   274  lcd.o(i.REG_8230_Init)
    REG_932X_Init                            0x0800393d   Thumb Code   514  lcd.o(i.REG_932X_Init)
    SVC_Handler                              0x08003b3f   Thumb Code     2  stm32g4xx_it.o(i.SVC_Handler)
    SysTick_Handler                          0x08003b41   Thumb Code     4  stm32g4xx_it.o(i.SysTick_Handler)
    SystemClock_Config                       0x08003b45   Thumb Code   104  main.o(i.SystemClock_Config)
    SystemInit                               0x08003bad   Thumb Code    12  system_stm32g4xx.o(i.SystemInit)
    UART_AdvFeatureConfig                    0x08003c01   Thumb Code   200  stm32g4xx_hal_uart.o(i.UART_AdvFeatureConfig)
    UART_CheckIdleState                      0x08003cc9   Thumb Code   172  stm32g4xx_hal_uart.o(i.UART_CheckIdleState)
    UART_SetConfig                           0x080042ad   Thumb Code   582  stm32g4xx_hal_uart.o(i.UART_SetConfig)
    UART_Start_Receive_IT                    0x08004521   Thumb Code   256  stm32g4xx_hal_uart.o(i.UART_Start_Receive_IT)
    UART_WaitOnFlagUntilTimeout              0x08004631   Thumb Code   148  stm32g4xx_hal_uart.o(i.UART_WaitOnFlagUntilTimeout)
    USART1_IRQHandler                        0x080046c5   Thumb Code     6  stm32g4xx_it.o(i.USART1_IRQHandler)
    UsageFault_Handler                       0x080046d1   Thumb Code     2  stm32g4xx_it.o(i.UsageFault_Handler)
    __ARM_fpclassify                         0x080046d3   Thumb Code    48  fpclassify.o(i.__ARM_fpclassify)
    _is_digit                                0x08004723   Thumb Code    14  __printf_wp.o(i._is_digit)
    get_distance                             0x08004731   Thumb Code    78  main.o(i.get_distance)
    key_Proc                                 0x080047a1   Thumb Code   192  main.o(i.key_Proc)
    key_scan                                 0x08004885   Thumb Code    60  key.o(i.key_scan)
    lcd_Proc                                 0x080048c5   Thumb Code    34  main.o(i.lcd_Proc)
    led_Proc                                 0x080048f1   Thumb Code    98  main.o(i.led_Proc)
    led_disp                                 0x0800495d   Thumb Code    74  led.o(i.led_disp)
    main                                     0x080049b1   Thumb Code   146  main.o(i.main)
    menu1                                    0x08004a5d   Thumb Code    82  main.o(i.menu1)
    menu2                                    0x08004af5   Thumb Code    22  main.o(i.menu2)
    _get_lc_numeric                          0x08004b25   Thumb Code    44  lc_numeric_c.o(locale$$code)
    __aeabi_d2f                              0x08004b51   Thumb Code     0  d2f.o(x$fpl$d2f)
    _d2f                                     0x08004b51   Thumb Code    98  d2f.o(x$fpl$d2f)
    __aeabi_ui2d                             0x08004bb3   Thumb Code     0  dflt_clz.o(x$fpl$dfltu)
    _dfltu                                   0x08004bb3   Thumb Code    38  dflt_clz.o(x$fpl$dfltu)
    __aeabi_dmul                             0x08004bd9   Thumb Code     0  dmul.o(x$fpl$dmul)
    _dmul                                    0x08004bd9   Thumb Code   332  dmul.o(x$fpl$dmul)
    __fpl_dnaninf                            0x08004d2d   Thumb Code   156  dnaninf.o(x$fpl$dnaninf)
    __fpl_dretinf                            0x08004dc9   Thumb Code    12  dretinf.o(x$fpl$dretinf)
    __aeabi_f2d                              0x08004dd5   Thumb Code     0  f2d.o(x$fpl$f2d)
    _f2d                                     0x08004dd5   Thumb Code    86  f2d.o(x$fpl$f2d)
    __fpl_fnaninf                            0x08004e2b   Thumb Code   140  fnaninf.o(x$fpl$fnaninf)
    _fp_init                                 0x08004eb7   Thumb Code    10  fpinit.o(x$fpl$fpinit)
    __fplib_config_fpu_vfp                   0x08004ebf   Thumb Code     0  fpinit.o(x$fpl$fpinit)
    __fplib_config_pureend_doubles           0x08004ebf   Thumb Code     0  fpinit.o(x$fpl$fpinit)
    __fpl_fretinf                            0x08004ec1   Thumb Code    10  fretinf.o(x$fpl$fretinf)
    _printf_fp_dec                           0x08004ecb   Thumb Code     4  printf1.o(x$fpl$printf1)
    UARTPrescTable                           0x08004ece   Data          24  stm32g4xx_hal_uart.o(.constdata)
    __I$use$fp                               0x08004ece   Number         0  usenofp.o(x$fpl$usenofp)
    AHBPrescTable                            0x08004ef6   Data          16  system_stm32g4xx.o(.constdata)
    APBPrescTable                            0x08004f06   Data           8  system_stm32g4xx.o(.constdata)
    ASCII_Table                              0x08004f0e   Data        4560  lcd.o(.constdata)
    Region$$Table$$Base                      0x08006174   Number         0  anon$$obj.o(Region$$Table)
    Region$$Table$$Limit                     0x08006194   Number         0  anon$$obj.o(Region$$Table)
    menu_flag                                0x20000000   Data           1  main.o(.data)
    warn_flag                                0x20000001   Data           1  main.o(.data)
    led_flag                                 0x20000002   Data           1  main.o(.data)
    fail_flag                                0x20000003   Data           1  main.o(.data)
    direction                                0x20000004   Data           1  main.o(.data)
    key_val                                  0x20000005   Data           1  main.o(.data)
    key_down                                 0x20000006   Data           1  main.o(.data)
    key_up                                   0x20000007   Data           1  main.o(.data)
    key_old                                  0x20000008   Data           1  main.o(.data)
    rx                                       0x20000009   Data           1  main.o(.data)
    distance                                 0x2000000c   Data           4  main.o(.data)
    lcd_uwtick                               0x20000010   Data           4  main.o(.data)
    key_uwtick                               0x20000014   Data           4  main.o(.data)
    led_uwtick                               0x20000018   Data           4  main.o(.data)
    dir_uwtick                               0x2000001c   Data           4  main.o(.data)
    uwTickPrio                               0x20000020   Data           4  stm32g4xx_hal.o(.data)
    uwTickFreq                               0x20000024   Data           4  stm32g4xx_hal.o(.data)
    uwTick                                   0x20000028   Data           4  stm32g4xx_hal.o(.data)
    SystemCoreClock                          0x2000002c   Data           4  system_stm32g4xx.o(.data)
    dummy                                    0x20000034   Data           2  lcd.o(.data)
    lcd_str                                  0x20000038   Data          20  main.o(.bss)
    tx_str                                   0x2000004c   Data          50  main.o(.bss)
    hadc2                                    0x20000080   Data         108  adc.o(.bss)
    huart1                                   0x200000ec   Data         148  usart.o(.bss)
    __libspace_start                         0x20000180   Data          96  libspace.o(.bss)
    __temporary_stack_top$libspace           0x200001e0   Data           0  libspace.o(.bss)



==============================================================================

Memory Map of the image

  Image Entry point : 0x080001d9

  Load Region LR_IROM1 (Base: 0x08000000, Size: 0x000061e8, Max: 0x00020000, ABSOLUTE)

    Execution Region ER_IROM1 (Exec base: 0x08000000, Load base: 0x08000000, Size: 0x000061b0, Max: 0x00020000, ABSOLUTE)

    Exec Addr    Load Addr    Size         Type   Attr      Idx    E Section Name        Object

    0x08000000   0x08000000   0x000001d8   Data   RO            3    RESET               startup_stm32g431xx.o
    0x080001d8   0x080001d8   0x00000008   Code   RO         3284  * !!!main             c_w.l(__main.o)
    0x080001e0   0x080001e0   0x00000034   Code   RO         3528    !!!scatter          c_w.l(__scatter.o)
    0x08000214   0x08000214   0x0000001a   Code   RO         3530    !!handler_copy      c_w.l(__scatter_copy.o)
    0x0800022e   0x0800022e   0x00000002   PAD
    0x08000230   0x08000230   0x0000001c   Code   RO         3532    !!handler_zi        c_w.l(__scatter_zi.o)
    0x0800024c   0x0800024c   0x00000000   Code   RO         3277    .ARM.Collect$$_printf_percent$$00000000  c_w.l(_printf_percent.o)
    0x0800024c   0x0800024c   0x00000006   Code   RO         3276    .ARM.Collect$$_printf_percent$$00000003  c_w.l(_printf_f.o)
    0x08000252   0x08000252   0x00000006   Code   RO         3275    .ARM.Collect$$_printf_percent$$00000013  c_w.l(_printf_c.o)
    0x08000258   0x08000258   0x00000004   Code   RO         3313    .ARM.Collect$$_printf_percent$$00000017  c_w.l(_printf_percent_end.o)
    0x0800025c   0x0800025c   0x00000002   Code   RO         3401    .ARM.Collect$$libinit$$00000000  c_w.l(libinit.o)
    0x0800025e   0x0800025e   0x00000004   Code   RO         3402    .ARM.Collect$$libinit$$00000001  c_w.l(libinit2.o)
    0x08000262   0x08000262   0x00000000   Code   RO         3405    .ARM.Collect$$libinit$$00000004  c_w.l(libinit2.o)
    0x08000262   0x08000262   0x00000000   Code   RO         3408    .ARM.Collect$$libinit$$0000000A  c_w.l(libinit2.o)
    0x08000262   0x08000262   0x00000000   Code   RO         3410    .ARM.Collect$$libinit$$0000000C  c_w.l(libinit2.o)
    0x08000262   0x08000262   0x00000000   Code   RO         3412    .ARM.Collect$$libinit$$0000000E  c_w.l(libinit2.o)
    0x08000262   0x08000262   0x00000006   Code   RO         3413    .ARM.Collect$$libinit$$0000000F  c_w.l(libinit2.o)
    0x08000268   0x08000268   0x00000000   Code   RO         3415    .ARM.Collect$$libinit$$00000011  c_w.l(libinit2.o)
    0x08000268   0x08000268   0x00000000   Code   RO         3417    .ARM.Collect$$libinit$$00000013  c_w.l(libinit2.o)
    0x08000268   0x08000268   0x00000000   Code   RO         3419    .ARM.Collect$$libinit$$00000015  c_w.l(libinit2.o)
    0x08000268   0x08000268   0x0000000a   Code   RO         3420    .ARM.Collect$$libinit$$00000016  c_w.l(libinit2.o)
    0x08000272   0x08000272   0x00000000   Code   RO         3421    .ARM.Collect$$libinit$$00000017  c_w.l(libinit2.o)
    0x08000272   0x08000272   0x00000000   Code   RO         3423    .ARM.Collect$$libinit$$00000019  c_w.l(libinit2.o)
    0x08000272   0x08000272   0x00000000   Code   RO         3425    .ARM.Collect$$libinit$$0000001B  c_w.l(libinit2.o)
    0x08000272   0x08000272   0x00000000   Code   RO         3427    .ARM.Collect$$libinit$$0000001D  c_w.l(libinit2.o)
    0x08000272   0x08000272   0x00000000   Code   RO         3429    .ARM.Collect$$libinit$$0000001F  c_w.l(libinit2.o)
    0x08000272   0x08000272   0x00000000   Code   RO         3431    .ARM.Collect$$libinit$$00000021  c_w.l(libinit2.o)
    0x08000272   0x08000272   0x00000000   Code   RO         3433    .ARM.Collect$$libinit$$00000023  c_w.l(libinit2.o)
    0x08000272   0x08000272   0x00000000   Code   RO         3435    .ARM.Collect$$libinit$$00000025  c_w.l(libinit2.o)
    0x08000272   0x08000272   0x00000000   Code   RO         3439    .ARM.Collect$$libinit$$0000002C  c_w.l(libinit2.o)
    0x08000272   0x08000272   0x00000000   Code   RO         3441    .ARM.Collect$$libinit$$0000002E  c_w.l(libinit2.o)
    0x08000272   0x08000272   0x00000000   Code   RO         3443    .ARM.Collect$$libinit$$00000030  c_w.l(libinit2.o)
    0x08000272   0x08000272   0x00000000   Code   RO         3445    .ARM.Collect$$libinit$$00000032  c_w.l(libinit2.o)
    0x08000272   0x08000272   0x00000002   Code   RO         3446    .ARM.Collect$$libinit$$00000033  c_w.l(libinit2.o)
    0x08000274   0x08000274   0x00000002   Code   RO         3493    .ARM.Collect$$libshutdown$$00000000  c_w.l(libshutdown.o)
    0x08000276   0x08000276   0x00000000   Code   RO         3511    .ARM.Collect$$libshutdown$$00000002  c_w.l(libshutdown2.o)
    0x08000276   0x08000276   0x00000000   Code   RO         3513    .ARM.Collect$$libshutdown$$00000004  c_w.l(libshutdown2.o)
    0x08000276   0x08000276   0x00000000   Code   RO         3516    .ARM.Collect$$libshutdown$$00000007  c_w.l(libshutdown2.o)
    0x08000276   0x08000276   0x00000000   Code   RO         3519    .ARM.Collect$$libshutdown$$0000000A  c_w.l(libshutdown2.o)
    0x08000276   0x08000276   0x00000000   Code   RO         3521    .ARM.Collect$$libshutdown$$0000000C  c_w.l(libshutdown2.o)
    0x08000276   0x08000276   0x00000000   Code   RO         3524    .ARM.Collect$$libshutdown$$0000000F  c_w.l(libshutdown2.o)
    0x08000276   0x08000276   0x00000002   Code   RO         3525    .ARM.Collect$$libshutdown$$00000010  c_w.l(libshutdown2.o)
    0x08000278   0x08000278   0x00000000   Code   RO         3300    .ARM.Collect$$rtentry$$00000000  c_w.l(__rtentry.o)
    0x08000278   0x08000278   0x00000000   Code   RO         3324    .ARM.Collect$$rtentry$$00000002  c_w.l(__rtentry2.o)
    0x08000278   0x08000278   0x00000006   Code   RO         3336    .ARM.Collect$$rtentry$$00000004  c_w.l(__rtentry4.o)
    0x0800027e   0x0800027e   0x00000000   Code   RO         3326    .ARM.Collect$$rtentry$$00000009  c_w.l(__rtentry2.o)
    0x0800027e   0x0800027e   0x00000004   Code   RO         3327    .ARM.Collect$$rtentry$$0000000A  c_w.l(__rtentry2.o)
    0x08000282   0x08000282   0x00000000   Code   RO         3329    .ARM.Collect$$rtentry$$0000000C  c_w.l(__rtentry2.o)
    0x08000282   0x08000282   0x00000008   Code   RO         3330    .ARM.Collect$$rtentry$$0000000D  c_w.l(__rtentry2.o)
    0x0800028a   0x0800028a   0x00000002   Code   RO         3447    .ARM.Collect$$rtexit$$00000000  c_w.l(rtexit.o)
    0x0800028c   0x0800028c   0x00000000   Code   RO         3462    .ARM.Collect$$rtexit$$00000002  c_w.l(rtexit2.o)
    0x0800028c   0x0800028c   0x00000004   Code   RO         3463    .ARM.Collect$$rtexit$$00000003  c_w.l(rtexit2.o)
    0x08000290   0x08000290   0x00000006   Code   RO         3464    .ARM.Collect$$rtexit$$00000004  c_w.l(rtexit2.o)
    0x08000296   0x08000296   0x00000002   PAD
    0x08000298   0x08000298   0x00000040   Code   RO            4    .text               startup_stm32g431xx.o
    0x080002d8   0x080002d8   0x000000ee   Code   RO         3245    .text               c_w.l(lludivv7m.o)
    0x080003c6   0x080003c6   0x00000002   PAD
    0x080003c8   0x080003c8   0x00000028   Code   RO         3249    .text               c_w.l(noretval__2sprintf.o)
    0x080003f0   0x080003f0   0x00000052   Code   RO         3253    .text               c_w.l(_printf_str.o)
    0x08000442   0x08000442   0x0000010e   Code   RO         3263    .text               c_w.l(__printf_wp.o)
    0x08000550   0x08000550   0x0000003e   Code   RO         3278    .text               c_w.l(strlen.o)
    0x0800058e   0x0800058e   0x0000004e   Code   RO         3280    .text               c_w.l(rt_memclr_w.o)
    0x080005dc   0x080005dc   0x00000006   Code   RO         3282    .text               c_w.l(heapauxi.o)
    0x080005e2   0x080005e2   0x0000041e   Code   RO         3305    .text               c_w.l(_printf_fp_dec.o)
    0x08000a00   0x08000a00   0x00000030   Code   RO         3307    .text               c_w.l(_printf_char_common.o)
    0x08000a30   0x08000a30   0x0000000a   Code   RO         3309    .text               c_w.l(_sputc.o)
    0x08000a3a   0x08000a3a   0x0000002c   Code   RO         3311    .text               c_w.l(_printf_char.o)
    0x08000a66   0x08000a66   0x00000002   PAD
    0x08000a68   0x08000a68   0x00000008   Code   RO         3343    .text               c_w.l(rt_locale_intlibspace.o)
    0x08000a70   0x08000a70   0x0000008a   Code   RO         3345    .text               c_w.l(lludiv10.o)
    0x08000afa   0x08000afa   0x00000002   PAD
    0x08000afc   0x08000afc   0x00000080   Code   RO         3347    .text               c_w.l(_printf_fp_infnan.o)
    0x08000b7c   0x08000b7c   0x000000e4   Code   RO         3351    .text               c_w.l(bigflt0.o)
    0x08000c60   0x08000c60   0x00000008   Code   RO         3383    .text               c_w.l(libspace.o)
    0x08000c68   0x08000c68   0x0000004a   Code   RO         3386    .text               c_w.l(sys_stackheap_outer.o)
    0x08000cb2   0x08000cb2   0x00000012   Code   RO         3388    .text               c_w.l(exit.o)
    0x08000cc4   0x08000cc4   0x00000080   Code   RO         3394    .text               c_w.l(strcmpv7m.o)
    0x08000d44   0x08000d44   0x0000000c   Code   RO         3459    .text               c_w.l(sys_exit.o)
    0x08000d50   0x08000d50   0x00000002   Code   RO         3480    .text               c_w.l(use_no_semi.o)
    0x08000d52   0x08000d52   0x00000000   Code   RO         3482    .text               c_w.l(indicate_semi.o)
    0x08000d52   0x08000d52   0x0000003e   Code   RO         3354    CL$$btod_d2e        c_w.l(btod.o)
    0x08000d90   0x08000d90   0x00000046   Code   RO         3356    CL$$btod_d2e_denorm_low  c_w.l(btod.o)
    0x08000dd6   0x08000dd6   0x00000060   Code   RO         3355    CL$$btod_d2e_norm_op1  c_w.l(btod.o)
    0x08000e36   0x08000e36   0x00000338   Code   RO         3364    CL$$btod_div_common  c_w.l(btod.o)
    0x0800116e   0x0800116e   0x000000dc   Code   RO         3361    CL$$btod_e2e        c_w.l(btod.o)
    0x0800124a   0x0800124a   0x0000002a   Code   RO         3358    CL$$btod_ediv       c_w.l(btod.o)
    0x08001274   0x08001274   0x0000002a   Code   RO         3357    CL$$btod_emul       c_w.l(btod.o)
    0x0800129e   0x0800129e   0x00000244   Code   RO         3363    CL$$btod_mult_common  c_w.l(btod.o)
    0x080014e2   0x080014e2   0x00000002   PAD
    0x080014e4   0x080014e4   0x000000ac   Code   RO          445    i.ADC_Enable        stm32g4xx_hal_adc.o
    0x08001590   0x08001590   0x00000002   Code   RO          334    i.BusFault_Handler  stm32g4xx_it.o
    0x08001592   0x08001592   0x00000002   Code   RO          335    i.DebugMon_Handler  stm32g4xx_it.o
    0x08001594   0x08001594   0x0000001c   Code   RO         3016    i.Delay_LCD         lcd.o
    0x080015b0   0x080015b0   0x00000004   Code   RO           13    i.Error_Handler     main.o
    0x080015b4   0x080015b4   0x00000424   Code   RO          447    i.HAL_ADC_ConfigChannel  stm32g4xx_hal_adc.o
    0x080019d8   0x080019d8   0x00000006   Code   RO          454    i.HAL_ADC_GetValue  stm32g4xx_hal_adc.o
    0x080019de   0x080019de   0x00000002   PAD
    0x080019e0   0x080019e0   0x000001f4   Code   RO          456    i.HAL_ADC_Init      stm32g4xx_hal_adc.o
    0x08001bd4   0x08001bd4   0x00000078   Code   RO          251    i.HAL_ADC_MspInit   adc.o
    0x08001c4c   0x08001c4c   0x000000f4   Code   RO          462    i.HAL_ADC_Start     stm32g4xx_hal_adc.o
    0x08001d40   0x08001d40   0x0000006a   Code   RO         1741    i.HAL_DMA_Abort     stm32g4xx_hal_dma.o
    0x08001daa   0x08001daa   0x00000078   Code   RO         1742    i.HAL_DMA_Abort_IT  stm32g4xx_hal_dma.o
    0x08001e22   0x08001e22   0x00000002   PAD
    0x08001e24   0x08001e24   0x00000024   Code   RO          894    i.HAL_Delay         stm32g4xx_hal.o
    0x08001e48   0x08001e48   0x00000248   Code   RO         1603    i.HAL_GPIO_Init     stm32g4xx_hal_gpio.o
    0x08002090   0x08002090   0x0000000a   Code   RO         1605    i.HAL_GPIO_ReadPin  stm32g4xx_hal_gpio.o
    0x0800209a   0x0800209a   0x0000000a   Code   RO         1607    i.HAL_GPIO_WritePin  stm32g4xx_hal_gpio.o
    0x080020a4   0x080020a4   0x0000000c   Code   RO          898    i.HAL_GetTick       stm32g4xx_hal.o
    0x080020b0   0x080020b0   0x00000010   Code   RO          904    i.HAL_IncTick       stm32g4xx_hal.o
    0x080020c0   0x080020c0   0x0000001e   Code   RO          905    i.HAL_Init          stm32g4xx_hal.o
    0x080020de   0x080020de   0x00000002   PAD
    0x080020e0   0x080020e0   0x00000044   Code   RO          906    i.HAL_InitTick      stm32g4xx_hal.o
    0x08002124   0x08002124   0x00000030   Code   RO          416    i.HAL_MspInit       stm32g4xx_hal_msp.o
    0x08002154   0x08002154   0x0000001a   Code   RO         2250    i.HAL_NVIC_EnableIRQ  stm32g4xx_hal_cortex.o
    0x0800216e   0x0800216e   0x00000002   PAD
    0x08002170   0x08002170   0x00000040   Code   RO         2256    i.HAL_NVIC_SetPriority  stm32g4xx_hal_cortex.o
    0x080021b0   0x080021b0   0x00000024   Code   RO         2257    i.HAL_NVIC_SetPriorityGrouping  stm32g4xx_hal_cortex.o
    0x080021d4   0x080021d4   0x000000bc   Code   RO         2006    i.HAL_PWREx_ControlVoltageScaling  stm32g4xx_hal_pwr_ex.o
    0x08002290   0x08002290   0x00000010   Code   RO         2018    i.HAL_PWREx_DisableUCPDDeadBattery  stm32g4xx_hal_pwr_ex.o
    0x080022a0   0x080022a0   0x00000288   Code   RO         1265    i.HAL_RCCEx_PeriphCLKConfig  stm32g4xx_hal_rcc_ex.o
    0x08002528   0x08002528   0x000001dc   Code   RO         1140    i.HAL_RCC_ClockConfig  stm32g4xx_hal_rcc.o
    0x08002704   0x08002704   0x00000024   Code   RO         1148    i.HAL_RCC_GetPCLK1Freq  stm32g4xx_hal_rcc.o
    0x08002728   0x08002728   0x00000024   Code   RO         1149    i.HAL_RCC_GetPCLK2Freq  stm32g4xx_hal_rcc.o
    0x0800274c   0x0800274c   0x00000070   Code   RO         1150    i.HAL_RCC_GetSysClockFreq  stm32g4xx_hal_rcc.o
    0x080027bc   0x080027bc   0x00000404   Code   RO         1153    i.HAL_RCC_OscConfig  stm32g4xx_hal_rcc.o
    0x08002bc0   0x08002bc0   0x00000028   Code   RO         2261    i.HAL_SYSTICK_Config  stm32g4xx_hal_cortex.o
    0x08002be8   0x08002be8   0x0000003e   Code   RO         2836    i.HAL_UARTEx_DisableFifoMode  stm32g4xx_hal_uart_ex.o
    0x08002c26   0x08002c26   0x00000002   Code   RO         2425    i.HAL_UARTEx_RxEventCallback  stm32g4xx_hal_uart.o
    0x08002c28   0x08002c28   0x00000002   Code   RO         2844    i.HAL_UARTEx_RxFifoFullCallback  stm32g4xx_hal_uart_ex.o
    0x08002c2a   0x08002c2a   0x0000004c   Code   RO         2845    i.HAL_UARTEx_SetRxFifoThreshold  stm32g4xx_hal_uart_ex.o
    0x08002c76   0x08002c76   0x0000004c   Code   RO         2846    i.HAL_UARTEx_SetTxFifoThreshold  stm32g4xx_hal_uart_ex.o
    0x08002cc2   0x08002cc2   0x00000002   Code   RO         2848    i.HAL_UARTEx_TxFifoEmptyCallback  stm32g4xx_hal_uart_ex.o
    0x08002cc4   0x08002cc4   0x00000002   Code   RO         2849    i.HAL_UARTEx_WakeupCallback  stm32g4xx_hal_uart_ex.o
    0x08002cc6   0x08002cc6   0x00000002   Code   RO         2441    i.HAL_UART_ErrorCallback  stm32g4xx_hal_uart.o
    0x08002cc8   0x08002cc8   0x0000030c   Code   RO         2444    i.HAL_UART_IRQHandler  stm32g4xx_hal_uart.o
    0x08002fd4   0x08002fd4   0x0000006a   Code   RO         2445    i.HAL_UART_Init     stm32g4xx_hal_uart.o
    0x0800303e   0x0800303e   0x00000002   PAD
    0x08003040   0x08003040   0x0000008c   Code   RO          293    i.HAL_UART_MspInit  usart.o
    0x080030cc   0x080030cc   0x00000048   Code   RO         2450    i.HAL_UART_Receive_IT  stm32g4xx_hal_uart.o
    0x08003114   0x08003114   0x000000d4   Code   RO           14    i.HAL_UART_RxCpltCallback  main.o
    0x080031e8   0x080031e8   0x000000ae   Code   RO         2454    i.HAL_UART_Transmit  stm32g4xx_hal_uart.o
    0x08003296   0x08003296   0x00000002   Code   RO         2457    i.HAL_UART_TxCpltCallback  stm32g4xx_hal_uart.o
    0x08003298   0x08003298   0x00000002   Code   RO          336    i.HardFault_Handler  stm32g4xx_it.o
    0x0800329a   0x0800329a   0x00000002   PAD
    0x0800329c   0x0800329c   0x0000002c   Code   RO         3017    i.LCD_BusIn         lcd.o
    0x080032c8   0x080032c8   0x00000030   Code   RO         3018    i.LCD_BusOut        lcd.o
    0x080032f8   0x080032f8   0x00000024   Code   RO         3019    i.LCD_Clear         lcd.o
    0x0800331c   0x0800331c   0x00000090   Code   RO         3021    i.LCD_CtrlLinesConfig  lcd.o
    0x080033ac   0x080033ac   0x00000018   Code   RO         3022    i.LCD_DisplayChar   lcd.o
    0x080033c4   0x080033c4   0x0000002a   Code   RO         3025    i.LCD_DisplayStringLine  lcd.o
    0x080033ee   0x080033ee   0x00000002   PAD
    0x080033f0   0x080033f0   0x00000058   Code   RO         3026    i.LCD_DrawChar      lcd.o
    0x08003448   0x08003448   0x00000034   Code   RO         3032    i.LCD_Init          lcd.o
    0x0800347c   0x0800347c   0x00000080   Code   RO         3035    i.LCD_ReadReg       lcd.o
    0x080034fc   0x080034fc   0x00000010   Code   RO         3036    i.LCD_SetBackColor  lcd.o
    0x0800350c   0x0800350c   0x00000018   Code   RO         3037    i.LCD_SetCursor     lcd.o
    0x08003524   0x08003524   0x00000010   Code   RO         3039    i.LCD_SetTextColor  lcd.o
    0x08003534   0x08003534   0x00000058   Code   RO         3042    i.LCD_WriteRAM      lcd.o
    0x0800358c   0x0800358c   0x0000005c   Code   RO         3043    i.LCD_WriteRAM_Prepare  lcd.o
    0x080035e8   0x080035e8   0x0000006c   Code   RO         3044    i.LCD_WriteReg      lcd.o
    0x08003654   0x08003654   0x0000000c   Code   RO          470    i.LL_ADC_GetOffsetChannel  stm32g4xx_hal_adc.o
    0x08003660   0x08003660   0x00000008   Code   RO          471    i.LL_ADC_INJ_IsConversionOngoing  stm32g4xx_hal_adc.o
    0x08003668   0x08003668   0x00000008   Code   RO          472    i.LL_ADC_REG_IsConversionOngoing  stm32g4xx_hal_adc.o
    0x08003670   0x08003670   0x0000001e   Code   RO          475    i.LL_ADC_SetChannelSamplingTime  stm32g4xx_hal_adc.o
    0x0800368e   0x0800368e   0x00000010   Code   RO          476    i.LL_ADC_SetOffsetState  stm32g4xx_hal_adc.o
    0x0800369e   0x0800369e   0x00000002   PAD
    0x080036a0   0x080036a0   0x0000007c   Code   RO          252    i.MX_ADC2_Init      adc.o
    0x0800371c   0x0800371c   0x000000a0   Code   RO          226    i.MX_GPIO_Init      gpio.o
    0x080037bc   0x080037bc   0x00000068   Code   RO          294    i.MX_USART1_UART_Init  usart.o
    0x08003824   0x08003824   0x00000002   Code   RO          337    i.MemManage_Handler  stm32g4xx_it.o
    0x08003826   0x08003826   0x00000002   Code   RO          338    i.NMI_Handler       stm32g4xx_it.o
    0x08003828   0x08003828   0x00000002   Code   RO          339    i.PendSV_Handler    stm32g4xx_it.o
    0x0800382a   0x0800382a   0x00000112   Code   RO         3045    i.REG_8230_Init     lcd.o
    0x0800393c   0x0800393c   0x00000202   Code   RO         3046    i.REG_932X_Init     lcd.o
    0x08003b3e   0x08003b3e   0x00000002   Code   RO          340    i.SVC_Handler       stm32g4xx_it.o
    0x08003b40   0x08003b40   0x00000004   Code   RO          341    i.SysTick_Handler   stm32g4xx_it.o
    0x08003b44   0x08003b44   0x00000068   Code   RO           15    i.SystemClock_Config  main.o
    0x08003bac   0x08003bac   0x00000010   Code   RO         2955    i.SystemInit        system_stm32g4xx.o
    0x08003bbc   0x08003bbc   0x00000044   Code   RO         2850    i.UARTEx_SetNbDataToProcess  stm32g4xx_hal_uart_ex.o
    0x08003c00   0x08003c00   0x000000c8   Code   RO         2459    i.UART_AdvFeatureConfig  stm32g4xx_hal_uart.o
    0x08003cc8   0x08003cc8   0x000000ac   Code   RO         2460    i.UART_CheckIdleState  stm32g4xx_hal_uart.o
    0x08003d74   0x08003d74   0x00000014   Code   RO         2461    i.UART_DMAAbortOnError  stm32g4xx_hal_uart.o
    0x08003d88   0x08003d88   0x00000054   Code   RO         2471    i.UART_EndRxTransfer  stm32g4xx_hal_uart.o
    0x08003ddc   0x08003ddc   0x000000c8   Code   RO         2473    i.UART_RxISR_16BIT  stm32g4xx_hal_uart.o
    0x08003ea4   0x08003ea4   0x000001a0   Code   RO         2474    i.UART_RxISR_16BIT_FIFOEN  stm32g4xx_hal_uart.o
    0x08004044   0x08004044   0x000000c8   Code   RO         2475    i.UART_RxISR_8BIT   stm32g4xx_hal_uart.o
    0x0800410c   0x0800410c   0x000001a0   Code   RO         2476    i.UART_RxISR_8BIT_FIFOEN  stm32g4xx_hal_uart.o
    0x080042ac   0x080042ac   0x00000274   Code   RO         2477    i.UART_SetConfig    stm32g4xx_hal_uart.o
    0x08004520   0x08004520   0x00000110   Code   RO         2479    i.UART_Start_Receive_IT  stm32g4xx_hal_uart.o
    0x08004630   0x08004630   0x00000094   Code   RO         2484    i.UART_WaitOnFlagUntilTimeout  stm32g4xx_hal_uart.o
    0x080046c4   0x080046c4   0x0000000c   Code   RO          342    i.USART1_IRQHandler  stm32g4xx_it.o
    0x080046d0   0x080046d0   0x00000002   Code   RO          343    i.UsageFault_Handler  stm32g4xx_it.o
    0x080046d2   0x080046d2   0x00000030   Code   RO         3381    i.__ARM_fpclassify  m_wm.l(fpclassify.o)
    0x08004702   0x08004702   0x00000020   Code   RO         2263    i.__NVIC_SetPriority  stm32g4xx_hal_cortex.o
    0x08004722   0x08004722   0x0000000e   Code   RO         3265    i._is_digit         c_w.l(__printf_wp.o)
    0x08004730   0x08004730   0x00000070   Code   RO           16    i.get_distance      main.o
    0x080047a0   0x080047a0   0x000000e4   Code   RO           17    i.key_Proc          main.o
    0x08004884   0x08004884   0x00000040   Code   RO         3222    i.key_scan          key.o
    0x080048c4   0x080048c4   0x0000002c   Code   RO           18    i.lcd_Proc          main.o
    0x080048f0   0x080048f0   0x0000006c   Code   RO           19    i.led_Proc          main.o
    0x0800495c   0x0800495c   0x00000054   Code   RO         2992    i.led_disp          led.o
    0x080049b0   0x080049b0   0x000000ac   Code   RO           20    i.main              main.o
    0x08004a5c   0x08004a5c   0x00000098   Code   RO           21    i.menu1             main.o
    0x08004af4   0x08004af4   0x00000030   Code   RO           22    i.menu2             main.o
    0x08004b24   0x08004b24   0x0000002c   Code   RO         3377    locale$$code        c_w.l(lc_numeric_c.o)
    0x08004b50   0x08004b50   0x00000062   Code   RO         3286    x$fpl$d2f           fz_wm.l(d2f.o)
    0x08004bb2   0x08004bb2   0x00000026   Code   RO         3288    x$fpl$dfltu         fz_wm.l(dflt_clz.o)
    0x08004bd8   0x08004bd8   0x00000154   Code   RO         3294    x$fpl$dmul          fz_wm.l(dmul.o)
    0x08004d2c   0x08004d2c   0x0000009c   Code   RO         3314    x$fpl$dnaninf       fz_wm.l(dnaninf.o)
    0x08004dc8   0x08004dc8   0x0000000c   Code   RO         3316    x$fpl$dretinf       fz_wm.l(dretinf.o)
    0x08004dd4   0x08004dd4   0x00000056   Code   RO         3296    x$fpl$f2d           fz_wm.l(f2d.o)
    0x08004e2a   0x08004e2a   0x0000008c   Code   RO         3318    x$fpl$fnaninf       fz_wm.l(fnaninf.o)
    0x08004eb6   0x08004eb6   0x0000000a   Code   RO         3457    x$fpl$fpinit        fz_wm.l(fpinit.o)
    0x08004ec0   0x08004ec0   0x0000000a   Code   RO         3320    x$fpl$fretinf       fz_wm.l(fretinf.o)
    0x08004eca   0x08004eca   0x00000004   Code   RO         3298    x$fpl$printf1       fz_wm.l(printf1.o)
    0x08004ece   0x08004ece   0x00000000   Code   RO         3322    x$fpl$usenofp       fz_wm.l(usenofp.o)
    0x08004ece   0x08004ece   0x00000018   Data   RO         2485    .constdata          stm32g4xx_hal_uart.o
    0x08004ee6   0x08004ee6   0x00000010   Data   RO         2851    .constdata          stm32g4xx_hal_uart_ex.o
    0x08004ef6   0x08004ef6   0x00000010   Data   RO         2956    .constdata          system_stm32g4xx.o
    0x08004f06   0x08004f06   0x00000008   Data   RO         2957    .constdata          system_stm32g4xx.o
    0x08004f0e   0x08004f0e   0x000011d0   Data   RO         3047    .constdata          lcd.o
    0x080060de   0x080060de   0x00000002   PAD
    0x080060e0   0x080060e0   0x00000094   Data   RO         3352    .constdata          c_w.l(bigflt0.o)
    0x08006174   0x08006174   0x00000020   Data   RO         3526    Region$$Table       anon$$obj.o
    0x08006194   0x08006194   0x0000001c   Data   RO         3376    locale$$data        c_w.l(lc_numeric_c.o)


    Execution Region RW_IRAM1 (Exec base: 0x20000000, Load base: 0x080061b0, Size: 0x000007e0, Max: 0x00008000, ABSOLUTE)

    Exec Addr    Load Addr    Size         Type   Attr      Idx    E Section Name        Object

    0x20000000   0x080061b0   0x00000020   Data   RW           24    .data               main.o
    0x20000020   0x080061d0   0x0000000c   Data   RW          925    .data               stm32g4xx_hal.o
    0x2000002c   0x080061dc   0x00000004   Data   RW         2958    .data               system_stm32g4xx.o
    0x20000030   0x080061e0   0x00000006   Data   RW         3048    .data               lcd.o
    0x20000036   0x080061e6   0x00000002   PAD
    0x20000038        -       0x00000046   Zero   RW           23    .bss                main.o
    0x2000007e   0x080061e6   0x00000002   PAD
    0x20000080        -       0x0000006c   Zero   RW          253    .bss                adc.o
    0x200000ec        -       0x00000094   Zero   RW          295    .bss                usart.o
    0x20000180        -       0x00000060   Zero   RW         3384    .bss                c_w.l(libspace.o)
    0x200001e0        -       0x00000200   Zero   RW            2    HEAP                startup_stm32g431xx.o
    0x200003e0        -       0x00000400   Zero   RW            1    STACK               startup_stm32g431xx.o


==============================================================================

Image component sizes


      Code (inc. data)   RO Data    RW Data    ZI Data      Debug   Object Name

       244         26          0          0        108       1821   adc.o
       160         12          0          0          0        991   gpio.o
        64          4          0          0          0        551   key.o
      1766         76       4560          6          0      11662   lcd.o
        84         10          0          0          0        563   led.o
      1184        254          0         32         70     608807   main.o
        64         26        472          0       1536        852   startup_stm32g431xx.o
       162         24          0         12          0       4389   stm32g4xx_hal.o
      2056        120          0          0          0      76407   stm32g4xx_hal_adc.o
       198         14          0          0          0      33903   stm32g4xx_hal_cortex.o
       226          0          0          0          0       1967   stm32g4xx_hal_dma.o
       604         34          0          0          0       3043   stm32g4xx_hal_gpio.o
        48          6          0          0          0        882   stm32g4xx_hal_msp.o
       204         18          0          0          0       1425   stm32g4xx_hal_pwr_ex.o
      1688         92          0          0          0       6336   stm32g4xx_hal_rcc.o
       648         10          0          0          0       1896   stm32g4xx_hal_rcc_ex.o
      3894        140         24          0          0      37262   stm32g4xx_hal_uart.o
       288          6         16          0          0       5454   stm32g4xx_hal_uart_ex.o
        32          6          0          0          0       4738   stm32g4xx_it.o
        16          4         24          4          0       1159   system_stm32g4xx.o
       244         18          0          0        148       1842   usart.o

    ----------------------------------------------------------------------
     13890        900       5130         56       1864     805950   Object Totals
         0          0         32          0          0          0   (incl. Generated)
        16          0          2          2          2          0   (incl. Padding)

    ----------------------------------------------------------------------

      Code (inc. data)   RO Data    RW Data    ZI Data      Debug   Library Member Name

         8          0          0          0          0         68   __main.o
       284          0          0          0          0        156   __printf_wp.o
         0          0          0          0          0          0   __rtentry.o
        12          0          0          0          0          0   __rtentry2.o
         6          0          0          0          0          0   __rtentry4.o
        52          8          0          0          0          0   __scatter.o
        26          0          0          0          0          0   __scatter_copy.o
        28          0          0          0          0          0   __scatter_zi.o
         6          0          0          0          0          0   _printf_c.o
        44          0          0          0          0        108   _printf_char.o
        48          6          0          0          0         96   _printf_char_common.o
         6          0          0          0          0          0   _printf_f.o
      1054          0          0          0          0        216   _printf_fp_dec.o
       128         16          0          0          0         84   _printf_fp_infnan.o
         0          0          0          0          0          0   _printf_percent.o
         4          0          0          0          0          0   _printf_percent_end.o
        82          0          0          0          0         80   _printf_str.o
        10          0          0          0          0         68   _sputc.o
       228          4        148          0          0         96   bigflt0.o
      1936        128          0          0          0        672   btod.o
        18          0          0          0          0         80   exit.o
         6          0          0          0          0        152   heapauxi.o
         0          0          0          0          0          0   indicate_semi.o
        44         10         28          0          0         76   lc_numeric_c.o
         2          0          0          0          0          0   libinit.o
        22          0          0          0          0          0   libinit2.o
         2          0          0          0          0          0   libshutdown.o
         2          0          0          0          0          0   libshutdown2.o
         8          4          0          0         96         68   libspace.o
       138          0          0          0          0         80   lludiv10.o
       238          0          0          0          0        100   lludivv7m.o
        40          6          0          0          0         84   noretval__2sprintf.o
         8          4          0          0          0         68   rt_locale_intlibspace.o
        78          0          0          0          0         80   rt_memclr_w.o
         2          0          0          0          0          0   rtexit.o
        10          0          0          0          0          0   rtexit2.o
       128          0          0          0          0         68   strcmpv7m.o
        62          0          0          0          0         76   strlen.o
        12          4          0          0          0         68   sys_exit.o
        74          0          0          0          0         80   sys_stackheap_outer.o
         2          0          0          0          0         68   use_no_semi.o
        98          4          0          0          0        140   d2f.o
        38          0          0          0          0        116   dflt_clz.o
       340         12          0          0          0        152   dmul.o
       156          4          0          0          0        140   dnaninf.o
        12          0          0          0          0        116   dretinf.o
        86          4          0          0          0        132   f2d.o
       140          4          0          0          0        132   fnaninf.o
        10          0          0          0          0        116   fpinit.o
        10          0          0          0          0        116   fretinf.o
         4          0          0          0          0        116   printf1.o
         0          0          0          0          0          0   usenofp.o
        48          0          0          0          0        124   fpclassify.o

    ----------------------------------------------------------------------
      5812        218        176          0         96       4192   Library Totals
        12          0          0          0          0          0   (incl. Padding)

    ----------------------------------------------------------------------

      Code (inc. data)   RO Data    RW Data    ZI Data      Debug   Library Name

      4858        190        176          0         96       2792   c_w.l
       894         28          0          0          0       1276   fz_wm.l
        48          0          0          0          0        124   m_wm.l

    ----------------------------------------------------------------------
      5812        218        176          0         96       4192   Library Totals

    ----------------------------------------------------------------------

==============================================================================


      Code (inc. data)   RO Data    RW Data    ZI Data      Debug   

     19702       1118       5306         56       1960     797934   Grand Totals
     19702       1118       5306         56       1960     797934   ELF Image Totals
     19702       1118       5306         56          0          0   ROM Totals

==============================================================================

    Total RO  Size (Code + RO Data)                25008 (  24.42kB)
    Total RW  Size (RW Data + ZI Data)              2016 (   1.97kB)
    Total ROM Size (Code + RO Data + RW Data)      25064 (  24.48kB)

==============================================================================

